/usr/local/lib/python3.13/dist-packages/sapien/_vulkan_tricks.py:78: UserWarning: Failed to find Vulkan ICD file. This is probably due to an incorrect or partial installation of the NVIDIA driver. SAPIEN will attempt to provide an ICD file anyway but it may not work.
  warn(
/usr/local/lib/python3.13/dist-packages/sapien/_vulkan_tricks.py:100: UserWarning: Failed to find glvnd ICD file. This is probably due to an incorrect or partial installation of the NVIDIA driver. SAPIEN will attempt to provide an ICD file anyway but it may not work.
  warn(
/usr/lib/python3.13/contextlib.py:141: UserWarning: CUDA reports that you have 2 available devices, and you have used fork_rng without explicitly specifying which devices are being used. For safety, we initialize *every* CUDA device by default, which can be quite slow if you have a lot of CUDAs. If you know that you are only making use of a few CUDA devices, set the environment variable CUDA_VISIBLE_DEVICES or the 'devices' keyword argument of fork_rng with the set of devices you are actually using. For example, if you are using CPU only, set device.upper()_VISIBLE_DEVICES= or devices=[]; if you are using device 0 only, set CUDA_VISIBLE_DEVICES=0 or devices=[0].  To initialize all devices and suppress this warning, set the 'devices' keyword argument to `range(torch.cuda.device_count())`.
  return next(self.gen)
/usr/lib/python3.13/contextlib.py:141: UserWarning: CUDA reports that you have 2 available devices, and you have used fork_rng without explicitly specifying which devices are being used. For safety, we initialize *every* CUDA device by default, which can be quite slow if you have a lot of CUDAs. If you know that you are only making use of a few CUDA devices, set the environment variable CUDA_VISIBLE_DEVICES or the 'devices' keyword argument of fork_rng with the set of devices you are actually using. For example, if you are using CPU only, set device.upper()_VISIBLE_DEVICES= or devices=[]; if you are using device 0 only, set CUDA_VISIBLE_DEVICES=0 or devices=[0].  To initialize all devices and suppress this warning, set the 'devices' keyword argument to `range(torch.cuda.device_count())`.
  return next(self.gen)
/usr/lib/python3.13/contextlib.py:141: UserWarning: CUDA reports that you have 2 available devices, and you have used fork_rng without explicitly specifying which devices are being used. For safety, we initialize *every* CUDA device by default, which can be quite slow if you have a lot of CUDAs. If you know that you are only making use of a few CUDA devices, set the environment variable CUDA_VISIBLE_DEVICES or the 'devices' keyword argument of fork_rng with the set of devices you are actually using. For example, if you are using CPU only, set device.upper()_VISIBLE_DEVICES= or devices=[]; if you are using device 0 only, set CUDA_VISIBLE_DEVICES=0 or devices=[0].  To initialize all devices and suppress this warning, set the 'devices' keyword argument to `range(torch.cuda.device_count())`.
  return next(self.gen)
/usr/lib/python3.13/contextlib.py:141: UserWarning: CUDA reports that you have 2 available devices, and you have used fork_rng without explicitly specifying which devices are being used. For safety, we initialize *every* CUDA device by default, which can be quite slow if you have a lot of CUDAs. If you know that you are only making use of a few CUDA devices, set the environment variable CUDA_VISIBLE_DEVICES or the 'devices' keyword argument of fork_rng with the set of devices you are actually using. For example, if you are using CPU only, set device.upper()_VISIBLE_DEVICES= or devices=[]; if you are using device 0 only, set CUDA_VISIBLE_DEVICES=0 or devices=[0].  To initialize all devices and suppress this warning, set the 'devices' keyword argument to `range(torch.cuda.device_count())`.
  return next(self.gen)
/usr/lib/python3.13/contextlib.py:141: UserWarning: CUDA reports that you have 2 available devices, and you have used fork_rng without explicitly specifying which devices are being used. For safety, we initialize *every* CUDA device by default, which can be quite slow if you have a lot of CUDAs. If you know that you are only making use of a few CUDA devices, set the environment variable CUDA_VISIBLE_DEVICES or the 'devices' keyword argument of fork_rng with the set of devices you are actually using. For example, if you are using CPU only, set device.upper()_VISIBLE_DEVICES= or devices=[]; if you are using device 0 only, set CUDA_VISIBLE_DEVICES=0 or devices=[0].  To initialize all devices and suppress this warning, set the 'devices' keyword argument to `range(torch.cuda.device_count())`.
  return next(self.gen)
/usr/lib/python3.13/contextlib.py:141: UserWarning: CUDA reports that you have 2 available devices, and you have used fork_rng without explicitly specifying which devices are being used. For safety, we initialize *every* CUDA device by default, which can be quite slow if you have a lot of CUDAs. If you know that you are only making use of a few CUDA devices, set the environment variable CUDA_VISIBLE_DEVICES or the 'devices' keyword argument of fork_rng with the set of devices you are actually using. For example, if you are using CPU only, set device.upper()_VISIBLE_DEVICES= or devices=[]; if you are using device 0 only, set CUDA_VISIBLE_DEVICES=0 or devices=[0].  To initialize all devices and suppress this warning, set the 'devices' keyword argument to `range(torch.cuda.device_count())`.
  return next(self.gen)
/usr/lib/python3.13/contextlib.py:141: UserWarning: CUDA reports that you have 2 available devices, and you have used fork_rng without explicitly specifying which devices are being used. For safety, we initialize *every* CUDA device by default, which can be quite slow if you have a lot of CUDAs. If you know that you are only making use of a few CUDA devices, set the environment variable CUDA_VISIBLE_DEVICES or the 'devices' keyword argument of fork_rng with the set of devices you are actually using. For example, if you are using CPU only, set device.upper()_VISIBLE_DEVICES= or devices=[]; if you are using device 0 only, set CUDA_VISIBLE_DEVICES=0 or devices=[0].  To initialize all devices and suppress this warning, set the 'devices' keyword argument to `range(torch.cuda.device_count())`.
  return next(self.gen)
/usr/lib/python3.13/contextlib.py:141: UserWarning: CUDA reports that you have 2 available devices, and you have used fork_rng without explicitly specifying which devices are being used. For safety, we initialize *every* CUDA device by default, which can be quite slow if you have a lot of CUDAs. If you know that you are only making use of a few CUDA devices, set the environment variable CUDA_VISIBLE_DEVICES or the 'devices' keyword argument of fork_rng with the set of devices you are actually using. For example, if you are using CPU only, set device.upper()_VISIBLE_DEVICES= or devices=[]; if you are using device 0 only, set CUDA_VISIBLE_DEVICES=0 or devices=[0].  To initialize all devices and suppress this warning, set the 'devices' keyword argument to `range(torch.cuda.device_count())`.
  return next(self.gen)
/usr/lib/python3.13/contextlib.py:141: UserWarning: CUDA reports that you have 2 available devices, and you have used fork_rng without explicitly specifying which devices are being used. For safety, we initialize *every* CUDA device by default, which can be quite slow if you have a lot of CUDAs. If you know that you are only making use of a few CUDA devices, set the environment variable CUDA_VISIBLE_DEVICES or the 'devices' keyword argument of fork_rng with the set of devices you are actually using. For example, if you are using CPU only, set device.upper()_VISIBLE_DEVICES= or devices=[]; if you are using device 0 only, set CUDA_VISIBLE_DEVICES=0 or devices=[0].  To initialize all devices and suppress this warning, set the 'devices' keyword argument to `range(torch.cuda.device_count())`.
  return next(self.gen)
/usr/lib/python3.13/contextlib.py:141: UserWarning: CUDA reports that you have 2 available devices, and you have used fork_rng without explicitly specifying which devices are being used. For safety, we initialize *every* CUDA device by default, which can be quite slow if you have a lot of CUDAs. If you know that you are only making use of a few CUDA devices, set the environment variable CUDA_VISIBLE_DEVICES or the 'devices' keyword argument of fork_rng with the set of devices you are actually using. For example, if you are using CPU only, set device.upper()_VISIBLE_DEVICES= or devices=[]; if you are using device 0 only, set CUDA_VISIBLE_DEVICES=0 or devices=[0].  To initialize all devices and suppress this warning, set the 'devices' keyword argument to `range(torch.cuda.device_count())`.
  return next(self.gen)
/usr/lib/python3.13/contextlib.py:141: UserWarning: CUDA reports that you have 2 available devices, and you have used fork_rng without explicitly specifying which devices are being used. For safety, we initialize *every* CUDA device by default, which can be quite slow if you have a lot of CUDAs. If you know that you are only making use of a few CUDA devices, set the environment variable CUDA_VISIBLE_DEVICES or the 'devices' keyword argument of fork_rng with the set of devices you are actually using. For example, if you are using CPU only, set device.upper()_VISIBLE_DEVICES= or devices=[]; if you are using device 0 only, set CUDA_VISIBLE_DEVICES=0 or devices=[0].  To initialize all devices and suppress this warning, set the 'devices' keyword argument to `range(torch.cuda.device_count())`.
  return next(self.gen)
Loading HDF5 file /kaggle/working/demos/converted/upstream_baseline/PegInsertionSide-v1/motionplanning/trajectory.state.pd_ee_delta_pose.physx_cpu.paired.h5
Loaded
Load observations 90 <class 'numpy.ndarray'>
Load actions 90 <class 'numpy.ndarray'>
Total transitions: 13805, Total obs sequences: 13715
number of parameters: 4.40M
number of parameters: 4.40M

  0%|          | 0/100000 [00:00<?, ?it/s]

  0%|          | 0/20 [00:00<?, ?it/s][ATraceback (most recent call last):
  File "/kaggle/working/ManiSkill/examples/baselines/diffusion_policy/train.py", line 423, in <module>
    evaluate_and_save_best(iteration)
    ~~~~~~~~~~~~~~~~~~~~~~^^^^^^^^^^^
  File "/kaggle/working/ManiSkill/examples/baselines/diffusion_policy/train.py", line 364, in evaluate_and_save_best
    eval_metrics = evaluate(
        args.num_eval_episodes, ema_agent, envs, device, args.sim_backend
    )
  File "/kaggle/working/ManiSkill/examples/baselines/diffusion_policy/diffusion_policy/evaluate.py", line 29, in evaluate
    eval_metrics[k].append(v.float().cpu().numpy())
                           ^^^^^^^
AttributeError: 'numpy.ndarray' object has no attribute 'float'. Did you mean: 'flat'?

  0%|          | 0/20 [01:07<?, ?it/s]

  0%|          | 0/100000 [01:10<?, ?it/s]
