[33;1m2026-10-09 18:35:32,562 - mani_skill  - WARNING - Requested to use render device "sapien_cuda", but CUDA device was not found. Falling back to "cpu" device. Rendering might be disabled.[0m
Robot xarm6_robotiq definition file not found at /home/runner/.maniskill/data/robots/xarm6/xarm6_robotiq.urdf
Downloading https://github.com/haosulab/ManiSkill-XArm6/archive/refs/tags/v0.1.1.zip
0.00iB [00:00, ?iB/s]8.00kiB [00:00, 17.6kiB/s]280kiB [00:00, 608kiB/s]  1.20MiB [00:00, 2.67MiB/s]2.34MiB [00:00, 3.16MiB/s]
  0%|          | 0/80 [00:00<?, ?it/s]100%|██████████| 80/80 [00:00<00:00, 2345.82it/s]
/opt/hostedtoolcache/Python/3.11.17/x64/lib/python3.11/site-packages/gymnasium/spaces/box.py:297: UserWarning: [33mWARN: Box low's precision lowered by casting to float32, current low.dtype=float64[0m
  gym.logger.warn(
/opt/hostedtoolcache/Python/3.11.17/x64/lib/python3.11/site-packages/gymnasium/spaces/box.py:364: UserWarning: [33mWARN: Box high's precision lowered by casting to float32, current high.dtype=float64[0m
  gym.logger.warn(
[33;1m2026-10-09 18:35:34,970 - mani_skill  - WARNING - Requested to use render device "sapien_cuda", but CUDA device was not found. Falling back to "cpu" device. Rendering might be disabled.[0m
[33;1m2026-10-09 18:35:35,451 - mani_skill  - WARNING - Requested to use render device "sapien_cuda", but CUDA device was not found. Falling back to "cpu" device. Rendering might be disabled.[0m
[33;1m2026-10-09 18:35:35,940 - mani_skill  - WARNING - Requested to use render device "sapien_cuda", but CUDA device was not found. Falling back to "cpu" device. Rendering might be disabled.[0m
[33;1m2026-10-09 18:35:36,432 - mani_skill  - WARNING - Requested to use render device "sapien_cuda", but CUDA device was not found. Falling back to "cpu" device. Rendering might be disabled.[0m
[33;1m2026-10-09 18:35:36,931 - mani_skill  - WARNING - Requested to use render device "sapien_cuda", but CUDA device was not found. Falling back to "cpu" device. Rendering might be disabled.[0m
[33;1m2026-10-09 18:35:37,410 - mani_skill  - WARNING - Requested to use render device "sapien_cuda", but CUDA device was not found. Falling back to "cpu" device. Rendering might be disabled.[0m
[33;1m2026-10-09 18:35:37,887 - mani_skill  - WARNING - Requested to use render device "sapien_cuda", but CUDA device was not found. Falling back to "cpu" device. Rendering might be disabled.[0m
[33;1m2026-10-09 18:35:38,377 - mani_skill  - WARNING - Requested to use render device "sapien_cuda", but CUDA device was not found. Falling back to "cpu" device. Rendering might be disabled.[0m
[33;1m2026-10-09 18:35:38,864 - mani_skill  - WARNING - Requested to use render device "sapien_cuda", but CUDA device was not found. Falling back to "cpu" device. Rendering might be disabled.[0m
[33;1m2026-10-09 18:35:39,329 - mani_skill  - WARNING - Requested to use render device "sapien_cuda", but CUDA device was not found. Falling back to "cpu" device. Rendering might be disabled.[0m
[33;1m2026-10-09 18:35:39,839 - mani_skill  - WARNING - Requested to use render device "sapien_cuda", but CUDA device was not found. Falling back to "cpu" device. Rendering might be disabled.[0m
[33;1m2026-10-09 18:35:40,331 - mani_skill  - WARNING - Requested to use render device "sapien_cuda", but CUDA device was not found. Falling back to "cpu" device. Rendering might be disabled.[0m
[33;1m2026-10-09 18:35:40,818 - mani_skill  - WARNING - Requested to use render device "sapien_cuda", but CUDA device was not found. Falling back to "cpu" device. Rendering might be disabled.[0m
[33;1m2026-10-09 18:35:41,301 - mani_skill  - WARNING - Requested to use render device "sapien_cuda", but CUDA device was not found. Falling back to "cpu" device. Rendering might be disabled.[0m
[33;1m2026-10-09 18:35:41,785 - mani_skill  - WARNING - Requested to use render device "sapien_cuda", but CUDA device was not found. Falling back to "cpu" device. Rendering might be disabled.[0m
[33;1m2026-10-09 18:35:42,261 - mani_skill  - WARNING - Requested to use render device "sapien_cuda", but CUDA device was not found. Falling back to "cpu" device. Rendering might be disabled.[0m
[33;1m2026-10-09 18:35:42,730 - mani_skill  - WARNING - Requested to use render device "sapien_cuda", but CUDA device was not found. Falling back to "cpu" device. Rendering might be disabled.[0m
[33;1m2026-10-09 18:35:43,186 - mani_skill  - WARNING - Requested to use render device "sapien_cuda", but CUDA device was not found. Falling back to "cpu" device. Rendering might be disabled.[0m
[33;1m2026-10-09 18:35:43,660 - mani_skill  - WARNING - Requested to use render device "sapien_cuda", but CUDA device was not found. Falling back to "cpu" device. Rendering might be disabled.[0m
[33;1m2026-10-09 18:35:44,157 - mani_skill  - WARNING - Requested to use render device "sapien_cuda", but CUDA device was not found. Falling back to "cpu" device. Rendering might be disabled.[0m
[33;1m2026-10-09 18:35:44,644 - mani_skill  - WARNING - Requested to use render device "sapien_cuda", but CUDA device was not found. Falling back to "cpu" device. Rendering might be disabled.[0m
[33;1m2026-10-09 18:35:45,131 - mani_skill  - WARNING - Requested to use render device "sapien_cuda", but CUDA device was not found. Falling back to "cpu" device. Rendering might be disabled.[0m
[33;1m2026-10-09 18:35:45,600 - mani_skill  - WARNING - Requested to use render device "sapien_cuda", but CUDA device was not found. Falling back to "cpu" device. Rendering might be disabled.[0m
[33;1m2026-10-09 18:35:46,076 - mani_skill  - WARNING - Requested to use render device "sapien_cuda", but CUDA device was not found. Falling back to "cpu" device. Rendering might be disabled.[0m
[33;1m2026-10-09 18:35:46,561 - mani_skill  - WARNING - Requested to use render device "sapien_cuda", but CUDA device was not found. Falling back to "cpu" device. Rendering might be disabled.[0m
[33;1m2026-10-09 18:35:47,044 - mani_skill  - WARNING - Requested to use render device "sapien_cuda", but CUDA device was not found. Falling back to "cpu" device. Rendering might be disabled.[0m
[33;1m2026-10-09 18:35:47,524 - mani_skill  - WARNING - Requested to use render device "sapien_cuda", but CUDA device was not found. Falling back to "cpu" device. Rendering might be disabled.[0m
[33;1m2026-10-09 18:35:48,004 - mani_skill  - WARNING - Requested to use render device "sapien_cuda", but CUDA device was not found. Falling back to "cpu" device. Rendering might be disabled.[0m
[33;1m2026-10-09 18:35:48,478 - mani_skill  - WARNING - Requested to use render device "sapien_cuda", but CUDA device was not found. Falling back to "cpu" device. Rendering might be disabled.[0m
[33;1m2026-10-09 18:35:48,954 - mani_skill  - WARNING - Requested to use render device "sapien_cuda", but CUDA device was not found. Falling back to "cpu" device. Rendering might be disabled.[0m
[33;1m2026-10-09 18:35:49,433 - mani_skill  - WARNING - Requested to use render device "sapien_cuda", but CUDA device was not found. Falling back to "cpu" device. Rendering might be disabled.[0m
[33;1m2026-10-09 18:35:49,909 - mani_skill  - WARNING - Requested to use render device "sapien_cuda", but CUDA device was not found. Falling back to "cpu" device. Rendering might be disabled.[0m
[33;1m2026-10-09 18:35:50,394 - mani_skill  - WARNING - Requested to use render device "sapien_cuda", but CUDA device was not found. Falling back to "cpu" device. Rendering might be disabled.[0m
[33;1m2026-10-09 18:35:50,874 - mani_skill  - WARNING - Requested to use render device "sapien_cuda", but CUDA device was not found. Falling back to "cpu" device. Rendering might be disabled.[0m
[33;1m2026-10-09 18:35:51,354 - mani_skill  - WARNING - Requested to use render device "sapien_cuda", but CUDA device was not found. Falling back to "cpu" device. Rendering might be disabled.[0m
[33;1m2026-10-09 18:35:51,853 - mani_skill  - WARNING - Requested to use render device "sapien_cuda", but CUDA device was not found. Falling back to "cpu" device. Rendering might be disabled.[0m
[33;1m2026-10-09 18:35:52,363 - mani_skill  - WARNING - Requested to use render device "sapien_cuda", but CUDA device was not found. Falling back to "cpu" device. Rendering might be disabled.[0m
[33;1m2026-10-09 18:35:52,865 - mani_skill  - WARNING - Requested to use render device "sapien_cuda", but CUDA device was not found. Falling back to "cpu" device. Rendering might be disabled.[0m
[33;1m2026-10-09 18:35:53,342 - mani_skill  - WARNING - Requested to use render device "sapien_cuda", but CUDA device was not found. Falling back to "cpu" device. Rendering might be disabled.[0m
[33;1m2026-10-09 18:35:53,785 - mani_skill  - WARNING - Requested to use render device "sapien_cuda", but CUDA device was not found. Falling back to "cpu" device. Rendering might be disabled.[0m
[33;1m2026-10-09 18:35:54,241 - mani_skill  - WARNING - Requested to use render device "sapien_cuda", but CUDA device was not found. Falling back to "cpu" device. Rendering might be disabled.[0m
[33;1m2026-10-09 18:35:54,697 - mani_skill  - WARNING - Requested to use render device "sapien_cuda", but CUDA device was not found. Falling back to "cpu" device. Rendering might be disabled.[0m
[33;1m2026-10-09 18:35:55,148 - mani_skill  - WARNING - Requested to use render device "sapien_cuda", but CUDA device was not found. Falling back to "cpu" device. Rendering might be disabled.[0m
[33;1m2026-10-09 18:35:55,595 - mani_skill  - WARNING - Requested to use render device "sapien_cuda", but CUDA device was not found. Falling back to "cpu" device. Rendering might be disabled.[0m
[33;1m2026-10-09 18:35:56,043 - mani_skill  - WARNING - Requested to use render device "sapien_cuda", but CUDA device was not found. Falling back to "cpu" device. Rendering might be disabled.[0m
[33;1m2026-10-09 18:35:56,515 - mani_skill  - WARNING - Requested to use render device "sapien_cuda", but CUDA device was not found. Falling back to "cpu" device. Rendering might be disabled.[0m
[33;1m2026-10-09 18:35:57,013 - mani_skill  - WARNING - Requested to use render device "sapien_cuda", but CUDA device was not found. Falling back to "cpu" device. Rendering might be disabled.[0m
ACTUAL_LOW_SIGNAL_PRIOR_PHYSX xarm6_robotiq x {'x': {'center_separation_m': 0.003268013244227307, 'worst_response_ball_margin_m': -0.0007642910963699171}, 'y': {'center_separation_m': 0.00324197080573314, 'worst_response_ball_margin_m': -0.000772951792916407}}
