[{"stream_name":"stdout","time":1.80716056,"data":"$ git clone --branch fix/delta-pose-euler-action https://github.com/lindicaphxag-tech/ManiSkill.git /kaggle/working/ManiSkill\n"}
,{"stream_name":"stderr","time":1.905382183,"data":"Cloning into '/kaggle/working/ManiSkill'...\n"}
,{"stream_name":"stderr","time":38.07577863,"data":"Updating files:  45% (680/1491)\rUpdating files:  46% (686/1491)\rUpdating files:  47% (701/1491)\rUpdating files:  48% (716/1491)\rUpdating files:  49% (731/1491)\rUpdating files:  50% (746/1491)\rUpdating files:  51% (761/1491)\rUpdating files:  52% (776/1491)\rUpdating files:  53% (791/1491)\rUpdating files:  54% (806/1491)\rUpdating files:  55% (821/1491)\rUpdating files:  56% (835/1491)\rUpdating files:  57% (850/1491)\rUpdating files:  58% (865/1491)\rUpdating files:  59% (880/1491)\rUpdating files:  60% (895/1491)\rUpdating files:  61% (910/1491)\rUpdating files:  62% (925/1491)\rUpdating files:  63% (940/1491)\rUpdating files:  64% (955/1491)\rUpdating files:  65% (970/1491)\rUpdating files:  66% (985/1491)\rUpdating files:  67% (999/1491)\rUpdating files:  68% (1014/1491)\rUpdating files:  69% (1029/1491)\rUpdating files:  70% (1044/1491)\rUpdating files:  71% (1059/1491)\rUpdating files:  72% (1074/1491)\rUpdating files:  73% (1089/1491)\rUpdating files:  74% (1104/1491)\rUpdating files:  75% (1119/1491)\rUpdating files:  76% (1134/1491)\rUpdating files:  77% (1149/1491)\rUpdating files:  78% (1163/1491)\rUpdating files:  79% (1178/1491)\rUpdating files:  80% (1193/1491)\rUpdating files:  81% (1208/1491)\rUpdating files:  82% (1223/1491)\rUpdating files:  83% (1238/1491)\rUpdating files:  84% (1253/1491)\rUpdating files:  85% (1268/1491)\rUpdating files:  86% (1283/1491)\rUpdating files:  87% (1298/1491)\rUpdating files:  88% (1313/1491)\rUpdating files:  89% (1327/1491)\rUpdating files:  90% (1342/1491)\rUpdating files:  91% (1357/1491)\rUpdating files:  92% (1372/1491)\rUpdating files:  93% (1387/1491)\rUpdating files:  93% (1396/1491)\rUpdating files:  94% (1402/1491)\rUpdating files:  95% (1417/1491)\rUpdating files:  96% (1432/1491)\rUpdating files:  97% (1447/1491)\rUpdating files:  98% (1462/1491)\rUpdating files:  99% (1477/1491)\rUpdating files: 100% (1491/1491)\rUpdating files: 100% (1491/1491), done.\n"}
,{"stream_name":"stdout","time":38.089543817,"data":"$ git -C /kaggle/working/ManiSkill checkout 69facfaafaa0ef233d36ef19e6cd9a0f03532ee0\n"}
,{"stream_name":"stderr","time":38.894772586,"data":"Note: switching to '69facfaafaa0ef233d36ef19e6cd9a0f03532ee0'.\n"}
,{"stream_name":"stderr","time":38.894804304,"data":"\n"}
,{"stream_name":"stderr","time":38.894810364,"data":"You are in 'detached HEAD' state. You can look around, make experimental\n"}
,{"stream_name":"stderr","time":38.894821483,"data":"changes and commit them, and you can discard any commits you make in this\n"}
,{"stream_name":"stderr","time":38.894825742,"data":"state without impacting any branches by switching back to a branch.\n"}
,{"stream_name":"stderr","time":38.894829313,"data":"\n"}
,{"stream_name":"stderr","time":38.894832354,"data":"If you want to create a new branch to retain commits you create, you may\n"}
,{"stream_name":"stderr","time":38.894835708,"data":"do so (now or later) by using -c with the switch command. Example:\n"}
,{"stream_name":"stderr","time":38.894876783,"data":"\n"}
,{"stream_name":"stderr","time":38.894881516,"data":"  git switch -c \u003cnew-branch-name\u003e\n"}
,{"stream_name":"stderr","time":38.894886779,"data":"\n"}
,{"stream_name":"stderr","time":38.894891304,"data":"Or undo this operation with:\n"}
,{"stream_name":"stderr","time":38.894895971,"data":"\n"}
,{"stream_name":"stderr","time":38.894905956,"data":"  git switch -\n"}
,{"stream_name":"stderr","time":38.894909769,"data":"\n"}
,{"stream_name":"stderr","time":38.894912861,"data":"Turn off this advice by setting config variable advice.detachedHead to false\n"}
,{"stream_name":"stderr","time":38.894925835,"data":"\n"}
,{"stream_name":"stderr","time":38.894928634,"data":"HEAD is now at 69facfaa fix(conversion): encode delta rotations in controller action chart\n"}
,{"stream_name":"stdout","time":38.897813829,"data":"$ /usr/bin/python3 -m pip install --no-deps -e /kaggle/working/ManiSkill\n"}
,{"stream_name":"stdout","time":45.083085955,"data":"Obtaining file:///kaggle/working/ManiSkill\n"}
,{"stream_name":"stdout","time":45.086307732,"data":"  Installing build dependencies: started\n"}
,{"stream_name":"stdout","time":49.962466546,"data":"  Installing build dependencies: finished with status 'done'\n"}
,{"stream_name":"stdout","time":49.963511162,"data":"  Checking if build backend supports build_editable: started\n"}
,{"stream_name":"stdout","time":50.16994938,"data":"  Checking if build backend supports build_editable: finished with status 'done'\n"}
,{"stream_name":"stdout","time":50.171228553,"data":"  Getting requirements to build editable: started\n"}
,{"stream_name":"stdout","time":50.380579094,"data":"  Getting requirements to build editable: finished with status 'done'\n"}
,{"stream_name":"stdout","time":50.384568901,"data":"  Preparing editable metadata (pyproject.toml): started\n"}
,{"stream_name":"stdout","time":50.697561359,"data":"  Preparing editable metadata (pyproject.toml): finished with status 'done'\n"}
,{"stream_name":"stdout","time":51.140434639,"data":"Building wheels for collected packages: mani_skill\n"}
,{"stream_name":"stdout","time":51.141760374,"data":"  Building editable for mani_skill (pyproject.toml): started\n"}
,{"stream_name":"stdout","time":51.563607761,"data":"  Building editable for mani_skill (pyproject.toml): finished with status 'done'\n"}
,{"stream_name":"stdout","time":51.564705034,"data":"  Created wheel for mani_skill: filename=mani_skill-3.0.1-0.editable-py3-none-any.whl size=11524 sha256=b3454fd58ab92bfc7d63ef026a73d84f798d70cbb8228ac247d653951e997557\n"}
,{"stream_name":"stdout","time":51.565130294,"data":"  Stored in directory: /tmp/pip-ephem-wheel-cache-fiseq4m_/wheels/87/ee/f9/010f86689e57a2a6d6237bb39f07e3b166492c7805fb7a1f81\n"}
,{"stream_name":"stdout","time":51.569120141,"data":"Successfully built mani_skill\n"}
,{"stream_name":"stdout","time":51.56949443,"data":"Installing collected packages: mani_skill\n"}
,{"stream_name":"stdout","time":51.605727591,"data":"Successfully installed mani_skill-3.0.1\n"}
,{"stream_name":"stdout","time":51.693648899,"data":"$ /usr/bin/python3 -m pip install numpy\u003e=1.22 scipy dacite gymnasium\u003e=0.29.1 h5py pyyaml tqdm GitPython tabulate transforms3d trimesh imageio[ffmpeg] IPython pytorch_kinematics==0.7.6 defusedxml nvidia-ml-py tyro\u003e=0.8.5 huggingface_hub sapien\u003e=3.0.3 pin pytest\n"}
,{"stream_name":"stdout","time":52.769957847,"data":"Requirement already satisfied: numpy\u003e=1.22 in /usr/local/lib/python3.13/dist-packages (2.1.3)\n"}
,{"stream_name":"stdout","time":52.777522585,"data":"Requirement already satisfied: scipy in /usr/local/lib/python3.13/dist-packages (1.16.3)\n"}
,{"stream_name":"stdout","time":52.779719052,"data":"Requirement already satisfied: dacite in /usr/local/lib/python3.13/dist-packages (1.9.2)\n"}
,{"stream_name":"stdout","time":52.781331933,"data":"Requirement already satisfied: gymnasium\u003e=0.29.1 in /usr/local/lib/python3.13/dist-packages (1.2.0)\n"}
,{"stream_name":"stdout","time":52.782504796,"data":"Requirement already satisfied: h5py in /usr/local/lib/python3.13/dist-packages (3.16.0)\n"}
,{"stream_name":"stdout","time":52.783741099,"data":"Requirement already satisfied: pyyaml in /usr/local/lib/python3.13/dist-packages (6.0.3)\n"}
,{"stream_name":"stdout","time":52.787203906,"data":"Requirement already satisfied: tqdm in /usr/local/lib/python3.13/dist-packages (4.67.3)\n"}
,{"stream_name":"stdout","time":52.934929316,"data":"Collecting GitPython\n"}
,{"stream_name":"stdout","time":52.993891762,"data":"  Downloading gitpython-3.2.0-py3-none-any.whl.metadata (13 kB)\n"}
,{"stream_name":"stdout","time":53.015542772,"data":"Requirement already satisfied: tabulate in /usr/local/lib/python3.13/dist-packages (0.9.0)\n"}
,{"stream_name":"stdout","time":53.058128869,"data":"Collecting transforms3d\n"}
,{"stream_name":"stdout","time":53.075011405,"data":"  Downloading transforms3d-0.4.2-py3-none-any.whl.metadata (2.8 kB)\n"}
,{"stream_name":"stdout","time":53.346922976,"data":"Collecting trimesh\n"}
,{"stream_name":"stdout","time":53.361317044,"data":"  Downloading trimesh-5.1.1-py3-none-any.whl.metadata (13 kB)\n"}
,{"stream_name":"stdout","time":53.384724095,"data":"Requirement already satisfied: IPython in /usr/local/lib/python3.13/dist-packages (7.34.0)\n"}
,{"stream_name":"stdout","time":53.448883274,"data":"Collecting pytorch_kinematics==0.7.6\n"}
,{"stream_name":"stdout","time":53.466414787,"data":"  Downloading pytorch_kinematics-0.7.6-py3-none-any.whl.metadata (15 kB)\n"}
,{"stream_name":"stdout","time":53.493157541,"data":"Requirement already satisfied: defusedxml in /usr/local/lib/python3.13/dist-packages (0.7.1)\n"}
,{"stream_name":"stdout","time":53.494664096,"data":"Requirement already satisfied: nvidia-ml-py in /usr/local/lib/python3.13/dist-packages (13.610.43)\n"}
,{"stream_name":"stdout","time":53.595775615,"data":"Collecting tyro\u003e=0.8.5\n"}
,{"stream_name":"stdout","time":53.611740454,"data":"  Downloading tyro-1.0.16-py3-none-any.whl.metadata (12 kB)\n"}
,{"stream_name":"stdout","time":53.643420617,"data":"Requirement already satisfied: huggingface_hub in /usr/local/lib/python3.13/dist-packages (1.29.0)\n"}
,{"stream_name":"stdout","time":53.698351911,"data":"Collecting sapien\u003e=3.0.3\n"}
,{"stream_name":"stdout","time":53.713253189,"data":"  Downloading sapien-3.0.3-cp313-cp313-manylinux_2_28_x86_64.whl.metadata (11 kB)\n"}
,{"stream_name":"stdout","time":53.884238809,"data":"Collecting pin\n"}
,{"stream_name":"stdout","time":53.898994073,"data":"  Downloading pin-4.1.0-0-cp313-cp313-manylinux_2_28_x86_64.whl.metadata (26 kB)\n"}
,{"stream_name":"stdout","time":53.925482296,"data":"Requirement already satisfied: pytest in /usr/local/lib/python3.13/dist-packages (8.4.2)\n"}
,{"stream_name":"stdout","time":53.927286627,"data":"Requirement already satisfied: imageio[ffmpeg] in /usr/local/lib/python3.13/dist-packages (2.37.4)\n"}
,{"stream_name":"stdout","time":53.929676007,"data":"Requirement already satisfied: absl-py in /usr/local/lib/python3.13/dist-packages (from pytorch_kinematics==0.7.6) (1.4.0)\n"}
,{"stream_name":"stdout","time":53.930910098,"data":"Requirement already satisfied: lxml in /usr/local/lib/python3.13/dist-packages (from pytorch_kinematics==0.7.6) (6.1.2)\n"}
,{"stream_name":"stdout","time":53.936822298,"data":"Requirement already satisfied: torch in /usr/local/lib/python3.13/dist-packages (from pytorch_kinematics==0.7.6) (2.11.0+cu128)\n"}
,{"stream_name":"stdout","time":53.938789538,"data":"Requirement already satisfied: matplotlib in /usr/local/lib/python3.13/dist-packages (from pytorch_kinematics==0.7.6) (3.10.0)\n"}
,{"stream_name":"stdout","time":53.985195095,"data":"Collecting pytorch-seed (from pytorch_kinematics==0.7.6)\n"}
,{"stream_name":"stdout","time":54.000134956,"data":"  Downloading pytorch_seed-0.2.0-py3-none-any.whl.metadata (3.8 kB)\n"}
,{"stream_name":"stdout","time":54.069685308,"data":"Collecting arm-pytorch-utilities (from pytorch_kinematics==0.7.6)\n"}
,{"stream_name":"stdout","time":54.084959978,"data":"  Downloading arm_pytorch_utilities-0.5.0-py3-none-any.whl.metadata (2.6 kB)\n"}
,{"stream_name":"stdout","time":54.142379361,"data":"Requirement already satisfied: cloudpickle\u003e=1.2.0 in /usr/local/lib/python3.13/dist-packages (from gymnasium\u003e=0.29.1) (3.1.2)\n"}
,{"stream_name":"stdout","time":54.143683438,"data":"Requirement already satisfied: typing-extensions\u003e=4.3.0 in /usr/local/lib/python3.13/dist-packages (from gymnasium\u003e=0.29.1) (4.16.0)\n"}
,{"stream_name":"stdout","time":54.144812721,"data":"Requirement already satisfied: farama-notifications\u003e=0.0.1 in /usr/local/lib/python3.13/dist-packages (from gymnasium\u003e=0.29.1) (0.0.6)\n"}
,{"stream_name":"stdout","time":54.206608142,"data":"Collecting gitdb\u003c5,\u003e=4.0.1 (from GitPython)\n"}
,{"stream_name":"stdout","time":54.220784135,"data":"  Downloading gitdb-4.0.12-py3-none-any.whl.metadata (1.2 kB)\n"}
,{"stream_name":"stdout","time":54.270800547,"data":"Requirement already satisfied: pillow\u003e=8.3.2 in /usr/local/lib/python3.13/dist-packages (from imageio[ffmpeg]) (12.3.0)\n"}
,{"stream_name":"stdout","time":54.272093869,"data":"Requirement already satisfied: imageio-ffmpeg in /usr/local/lib/python3.13/dist-packages (from imageio[ffmpeg]) (0.6.0)\n"}
,{"stream_name":"stdout","time":54.274219513,"data":"Requirement already satisfied: psutil in /usr/local/lib/python3.13/dist-packages (from imageio[ffmpeg]) (5.9.5)\n"}
,{"stream_name":"stdout","time":54.280682248,"data":"Requirement already satisfied: setuptools\u003e=18.5 in /usr/local/lib/python3.13/dist-packages (from IPython) (81.0.0)\n"}
,{"stream_name":"stdout","time":54.282823941,"data":"Requirement already satisfied: jedi\u003e=0.16 in /usr/local/lib/python3.13/dist-packages (from IPython) (0.20.0)\n"}
,{"stream_name":"stdout","time":54.283968089,"data":"Requirement already satisfied: decorator in /usr/local/lib/python3.13/dist-packages (from IPython) (5.3.1)\n"}
,{"stream_name":"stdout","time":54.285096872,"data":"Requirement already satisfied: pickleshare in /usr/local/lib/python3.13/dist-packages (from IPython) (0.7.5)\n"}
,{"stream_name":"stdout","time":54.28675571,"data":"Requirement already satisfied: traitlets\u003e=4.2 in /usr/local/lib/python3.13/dist-packages (from IPython) (5.16.1)\n"}
,{"stream_name":"stdout","time":54.288183899,"data":"Requirement already satisfied: prompt-toolkit!=3.0.0,!=3.0.1,\u003c3.1.0,\u003e=2.0.0 in /usr/local/lib/python3.13/dist-packages (from IPython) (3.0.53)\n"}
,{"stream_name":"stdout","time":54.289364376,"data":"Requirement already satisfied: pygments in /usr/local/lib/python3.13/dist-packages (from IPython) (2.21.0)\n"}
,{"stream_name":"stdout","time":54.290356585,"data":"Requirement already satisfied: backcall in /usr/local/lib/python3.13/dist-packages (from IPython) (0.2.0)\n"}
,{"stream_name":"stdout","time":54.291472461,"data":"Requirement already satisfied: matplotlib-inline in /usr/local/lib/python3.13/dist-packages (from IPython) (0.2.2)\n"}
,{"stream_name":"stdout","time":54.29288206,"data":"Requirement already satisfied: pexpect\u003e4.3 in /usr/local/lib/python3.13/dist-packages (from IPython) (4.9.0)\n"}
,{"stream_name":"stdout","time":54.30374329,"data":"Requirement already satisfied: docstring-parser\u003e=0.16 in /usr/local/lib/python3.13/dist-packages (from tyro\u003e=0.8.5) (0.18.0)\n"}
,{"stream_name":"stdout","time":54.304877158,"data":"Requirement already satisfied: typeguard\u003e=4.0.0 in /usr/local/lib/python3.13/dist-packages (from tyro\u003e=0.8.5) (4.6.0)\n"}
,{"stream_name":"stdout","time":54.318898913,"data":"Requirement already satisfied: click\u003c9.0.0,\u003e=8.4.2 in /usr/local/lib/python3.13/dist-packages (from huggingface_hub) (8.5.0)\n"}
,{"stream_name":"stdout","time":54.320065811,"data":"Requirement already satisfied: filelock\u003e=3.10.0 in /usr/local/lib/python3.13/dist-packages (from huggingface_hub) (3.32.5)\n"}
,{"stream_name":"stdout","time":54.32208119,"data":"Requirement already satisfied: fsspec\u003e=2023.5.0 in /usr/local/lib/python3.13/dist-packages (from huggingface_hub) (2025.12.0)\n"}
,{"stream_name":"stdout","time":54.323763282,"data":"Requirement already satisfied: hf-xet\u003c2.0.0,\u003e=1.5.2 in /usr/local/lib/python3.13/dist-packages (from huggingface_hub) (1.6.0)\n"}
,{"stream_name":"stdout","time":54.325455396,"data":"Requirement already satisfied: httpx\u003c1,\u003e=0.23.0 in /usr/local/lib/python3.13/dist-packages (from huggingface_hub) (0.28.1)\n"}
,{"stream_name":"stdout","time":54.326784579,"data":"Requirement already satisfied: packaging\u003e=20.9 in /usr/local/lib/python3.13/dist-packages (from huggingface_hub) (26.3)\n"}
,{"stream_name":"stdout","time":54.336732782,"data":"Requirement already satisfied: requests\u003e=2.22 in /usr/local/lib/python3.13/dist-packages (from sapien\u003e=3.0.3) (2.34.2)\n"}
,{"stream_name":"stdout","time":54.339590432,"data":"Requirement already satisfied: networkx in /usr/local/lib/python3.13/dist-packages (from sapien\u003e=3.0.3) (3.6.1)\n"}
,{"stream_name":"stdout","time":54.34063409,"data":"Requirement already satisfied: pyperclip in /usr/local/lib/python3.13/dist-packages (from sapien\u003e=3.0.3) (1.11.0)\n"}
,{"stream_name":"stdout","time":54.342366214,"data":"Requirement already satisfied: opencv-python\u003e=4.0 in /usr/local/lib/python3.13/dist-packages (from sapien\u003e=3.0.3) (4.14.0.94)\n"}
,{"stream_name":"stdout","time":54.344545438,"data":"Requirement already satisfied: importlib_resources in /usr/local/lib/python3.13/dist-packages (from sapien\u003e=3.0.3) (7.1.0)\n"}
,{"stream_name":"stdout","time":54.441268273,"data":"Collecting cmeel (from pin)\n"}
,{"stream_name":"stdout","time":54.456485237,"data":"  Downloading cmeel-0.61.0-py3-none-any.whl.metadata (4.8 kB)\n"}
,{"stream_name":"stdout","time":54.556152611,"data":"Collecting cmeel-boost~=1.90.0 (from pin)\n"}
,{"stream_name":"stdout","time":54.571188838,"data":"  Downloading cmeel_boost-1.90.0-0-cp313-cp313-manylinux_2_28_x86_64.whl.metadata (823 bytes)\n"}
,{"stream_name":"stdout","time":54.655683322,"data":"Collecting cmeel-urdfdom\u003e=6 (from pin)\n"}
,{"stream_name":"stdout","time":54.670667804,"data":"  Downloading cmeel_urdfdom-6.0.0-0-py3-none-manylinux_2_28_x86_64.whl.metadata (10 kB)\n"}
,{"stream_name":"stdout","time":54.742867827,"data":"Collecting coal\u003c4,\u003e=3.0.3 (from pin)\n"}
,{"stream_name":"stdout","time":54.758667878,"data":"  Downloading coal-3.0.3-0-cp313-cp313-manylinux_2_28_x86_64.whl.metadata (14 kB)\n"}
,{"stream_name":"stdout","time":54.829064434,"data":"Collecting libpinocchio==4.1.0 (from pin)\n"}
,{"stream_name":"stdout","time":54.847999968,"data":"  Downloading libpinocchio-4.1.0-0-py3-none-manylinux_2_28_x86_64.whl.metadata (26 kB)\n"}
,{"stream_name":"stdout","time":54.916210744,"data":"Collecting libcoal\u003c4,\u003e=3.0.3 (from libpinocchio==4.1.0-\u003epin)\n"}
,{"stream_name":"stdout","time":54.932182157,"data":"  Downloading libcoal-3.0.3-0-py3-none-manylinux_2_28_x86_64.whl.metadata (14 kB)\n"}
,{"stream_name":"stdout","time":54.954560913,"data":"Requirement already satisfied: iniconfig\u003e=1 in /usr/local/lib/python3.13/dist-packages (from pytest) (2.3.0)\n"}
,{"stream_name":"stdout","time":54.956379302,"data":"Requirement already satisfied: pluggy\u003c2,\u003e=1.5 in /usr/local/lib/python3.13/dist-packages (from pytest) (1.6.0)\n"}
,{"stream_name":"stdout","time":55.036050018,"data":"Collecting cmeel-console-bridge (from cmeel-urdfdom\u003e=6-\u003epin)\n"}
,{"stream_name":"stdout","time":55.052311333,"data":"  Downloading cmeel_console_bridge-1.0.2.3-0-py3-none-manylinux_2_28_x86_64.whl.metadata (1.0 kB)\n"}
,{"stream_name":"stdout","time":55.112213958,"data":"Collecting cmeel-tinyxml2 (from cmeel-urdfdom\u003e=6-\u003epin)\n"}
,{"stream_name":"stdout","time":55.128104416,"data":"  Downloading cmeel_tinyxml2-11.0.0-0-py3-none-manylinux_2_28_x86_64.whl.metadata (793 bytes)\n"}
,{"stream_name":"stdout","time":55.215476484,"data":"Collecting cmeel-assimp\u003c7,\u003e=6.0.2 (from coal\u003c4,\u003e=3.0.3-\u003epin)\n"}
,{"stream_name":"stdout","time":55.230449504,"data":"  Downloading cmeel_assimp-6.0.5-0-py3-none-manylinux_2_28_x86_64.whl.metadata (967 bytes)\n"}
,{"stream_name":"stdout","time":55.329977482,"data":"Collecting cmeel-octomap\u003c2,\u003e=1.9.8.2 (from coal\u003c4,\u003e=3.0.3-\u003epin)\n"}
,{"stream_name":"stdout","time":55.34565874,"data":"  Downloading cmeel_octomap-1.10.0-5-py3-none-manylinux_2_28_x86_64.whl.metadata (983 bytes)\n"}
,{"stream_name":"stdout","time":55.411356334,"data":"Collecting cmeel-qhull\u003c8.0.3,\u003e=8.0.2.1 (from coal\u003c4,\u003e=3.0.3-\u003epin)\n"}
,{"stream_name":"stdout","time":55.427756197,"data":"  Downloading cmeel_qhull-8.0.2.1-1-py3-none-manylinux_2_28_x86_64.whl.metadata (838 bytes)\n"}
,{"stream_name":"stdout","time":55.603543292,"data":"Collecting eigenpy\u003c4,\u003e=3.13 (from coal\u003c4,\u003e=3.0.3-\u003epin)\n"}
,{"stream_name":"stdout","time":55.619893,"data":"  Downloading eigenpy-3.13.0-0-cp313-cp313-manylinux_2_28_x86_64.whl.metadata (5.5 kB)\n"}
,{"stream_name":"stdout","time":55.711331813,"data":"Collecting smmap\u003c6,\u003e=3.0.1 (from gitdb\u003c5,\u003e=4.0.1-\u003eGitPython)\n"}
,{"stream_name":"stdout","time":55.725745992,"data":"  Downloading smmap-5.0.3-py3-none-any.whl.metadata (4.6 kB)\n"}
,{"stream_name":"stdout","time":55.74771282,"data":"Requirement already satisfied: anyio in /usr/local/lib/python3.13/dist-packages (from httpx\u003c1,\u003e=0.23.0-\u003ehuggingface_hub) (4.14.2)\n"}
,{"stream_name":"stdout","time":55.749018572,"data":"Requirement already satisfied: certifi in /usr/local/lib/python3.13/dist-packages (from httpx\u003c1,\u003e=0.23.0-\u003ehuggingface_hub) (2026.7.22)\n"}
,{"stream_name":"stdout","time":55.751133878,"data":"Requirement already satisfied: httpcore==1.* in /usr/local/lib/python3.13/dist-packages (from httpx\u003c1,\u003e=0.23.0-\u003ehuggingface_hub) (1.0.9)\n"}
,{"stream_name":"stdout","time":55.752564536,"data":"Requirement already satisfied: idna in /usr/local/lib/python3.13/dist-packages (from httpx\u003c1,\u003e=0.23.0-\u003ehuggingface_hub) (3.19)\n"}
,{"stream_name":"stdout","time":55.75726993,"data":"Requirement already satisfied: h11\u003e=0.16 in /usr/local/lib/python3.13/dist-packages (from httpcore==1.*-\u003ehttpx\u003c1,\u003e=0.23.0-\u003ehuggingface_hub) (0.16.0)\n"}
,{"stream_name":"stdout","time":55.766811217,"data":"Requirement already satisfied: parso\u003c0.9.0,\u003e=0.8.6 in /usr/local/lib/python3.13/dist-packages (from jedi\u003e=0.16-\u003eIPython) (0.8.7)\n"}
,{"stream_name":"stdout","time":55.778508058,"data":"Requirement already satisfied: ptyprocess\u003e=0.5 in /usr/local/lib/python3.13/dist-packages (from pexpect\u003e4.3-\u003eIPython) (0.7.0)\n"}
,{"stream_name":"stdout","time":55.789245996,"data":"Requirement already satisfied: wcwidth\u003e=0.1.4 in /usr/local/lib/python3.13/dist-packages (from prompt-toolkit!=3.0.0,!=3.0.1,\u003c3.1.0,\u003e=2.0.0-\u003eIPython) (0.8.3)\n"}
,{"stream_name":"stdout","time":55.797114193,"data":"Requirement already satisfied: charset_normalizer\u003c4,\u003e=2 in /usr/local/lib/python3.13/dist-packages (from requests\u003e=2.22-\u003esapien\u003e=3.0.3) (3.4.9)\n"}
,{"stream_name":"stdout","time":55.799164017,"data":"Requirement already satisfied: urllib3\u003c3,\u003e=1.26 in /usr/local/lib/python3.13/dist-packages (from requests\u003e=2.22-\u003esapien\u003e=3.0.3) (2.8.0)\n"}
,{"stream_name":"stdout","time":55.85681249,"data":"Requirement already satisfied: contourpy\u003e=1.0.1 in /usr/local/lib/python3.13/dist-packages (from matplotlib-\u003epytorch_kinematics==0.7.6) (1.3.3)\n"}
,{"stream_name":"stdout","time":55.858153805,"data":"Requirement already satisfied: cycler\u003e=0.10 in /usr/local/lib/python3.13/dist-packages (from matplotlib-\u003epytorch_kinematics==0.7.6) (0.12.1)\n"}
,{"stream_name":"stdout","time":55.863426604,"data":"Requirement already satisfied: fonttools\u003e=4.22.0 in /usr/local/lib/python3.13/dist-packages (from matplotlib-\u003epytorch_kinematics==0.7.6) (4.64.0)\n"}
,{"stream_name":"stdout","time":55.865148524,"data":"Requirement already satisfied: kiwisolver\u003e=1.3.1 in /usr/local/lib/python3.13/dist-packages (from matplotlib-\u003epytorch_kinematics==0.7.6) (1.5.1)\n"}
,{"stream_name":"stdout","time":55.8712702,"data":"Requirement already satisfied: pyparsing\u003e=2.3.1 in /usr/local/lib/python3.13/dist-packages (from matplotlib-\u003epytorch_kinematics==0.7.6) (3.3.2)\n"}
,{"stream_name":"stdout","time":55.872738724,"data":"Requirement already satisfied: python-dateutil\u003e=2.7 in /usr/local/lib/python3.13/dist-packages (from matplotlib-\u003epytorch_kinematics==0.7.6) (2.9.0.post0)\n"}
,{"stream_name":"stdout","time":55.90512089,"data":"Requirement already satisfied: sympy\u003e=1.13.3 in /usr/local/lib/python3.13/dist-packages (from torch-\u003epytorch_kinematics==0.7.6) (1.14.0)\n"}
,{"stream_name":"stdout","time":55.906722464,"data":"Requirement already satisfied: jinja2 in /usr/local/lib/python3.13/dist-packages (from torch-\u003epytorch_kinematics==0.7.6) (3.1.6)\n"}
,{"stream_name":"stdout","time":55.909242426,"data":"Requirement already satisfied: cuda-toolkit==12.8.1 in /usr/local/lib/python3.13/dist-packages (from cuda-toolkit[cublas,cudart,cufft,cufile,cupti,curand,cusolver,cusparse,nvjitlink,nvrtc,nvtx]==12.8.1; platform_system == \"Linux\"-\u003etorch-\u003epytorch_kinematics==0.7.6) (12.8.1)\n"}
,{"stream_name":"stdout","time":55.911473243,"data":"Requirement already satisfied: cuda-bindings\u003c13,\u003e=12.9.4 in /usr/local/lib/python3.13/dist-packages (from torch-\u003epytorch_kinematics==0.7.6) (12.9.7)\n"}
,{"stream_name":"stdout","time":55.912984763,"data":"Requirement already satisfied: nvidia-cudnn-cu12==9.19.0.56 in /usr/local/lib/python3.13/dist-packages (from torch-\u003epytorch_kinematics==0.7.6) (9.19.0.56)\n"}
,{"stream_name":"stdout","time":55.91450291,"data":"Requirement already satisfied: nvidia-cusparselt-cu12==0.7.1 in /usr/local/lib/python3.13/dist-packages (from torch-\u003epytorch_kinematics==0.7.6) (0.7.1)\n"}
,{"stream_name":"stdout","time":55.915983314,"data":"Requirement already satisfied: nvidia-nccl-cu12==2.28.9 in /usr/local/lib/python3.13/dist-packages (from torch-\u003epytorch_kinematics==0.7.6) (2.28.9)\n"}
,{"stream_name":"stdout","time":55.917475618,"data":"Requirement already satisfied: nvidia-nvshmem-cu12==3.4.5 in /usr/local/lib/python3.13/dist-packages (from torch-\u003epytorch_kinematics==0.7.6) (3.4.5)\n"}
,{"stream_name":"stdout","time":55.918992857,"data":"Requirement already satisfied: triton==3.6.0 in /usr/local/lib/python3.13/dist-packages (from torch-\u003epytorch_kinematics==0.7.6) (3.6.0)\n"}
,{"stream_name":"stdout","time":55.948885963,"data":"Requirement already satisfied: nvidia-cublas-cu12==12.8.4.1.* in /usr/local/lib/python3.13/dist-packages (from cuda-toolkit[cublas,cudart,cufft,cufile,cupti,curand,cusolver,cusparse,nvjitlink,nvrtc,nvtx]==12.8.1; platform_system == \"Linux\"-\u003etorch-\u003epytorch_kinematics==0.7.6) (12.8.4.1)\n"}
,{"stream_name":"stdout","time":55.950435754,"data":"Requirement already satisfied: nvidia-cuda-runtime-cu12==12.8.90.* in /usr/local/lib/python3.13/dist-packages (from cuda-toolkit[cublas,cudart,cufft,cufile,cupti,curand,cusolver,cusparse,nvjitlink,nvrtc,nvtx]==12.8.1; platform_system == \"Linux\"-\u003etorch-\u003epytorch_kinematics==0.7.6) (12.8.90)\n"}
,{"stream_name":"stdout","time":55.952081021,"data":"Requirement already satisfied: nvidia-cufft-cu12==11.3.3.83.* in /usr/local/lib/python3.13/dist-packages (from cuda-toolkit[cublas,cudart,cufft,cufile,cupti,curand,cusolver,cusparse,nvjitlink,nvrtc,nvtx]==12.8.1; platform_system == \"Linux\"-\u003etorch-\u003epytorch_kinematics==0.7.6) (11.3.3.83)\n"}
,{"stream_name":"stdout","time":55.953607649,"data":"Requirement already satisfied: nvidia-cufile-cu12==1.13.1.3.* in /usr/local/lib/python3.13/dist-packages (from cuda-toolkit[cublas,cudart,cufft,cufile,cupti,curand,cusolver,cusparse,nvjitlink,nvrtc,nvtx]==12.8.1; platform_system == \"Linux\"-\u003etorch-\u003epytorch_kinematics==0.7.6) (1.13.1.3)\n"}
,{"stream_name":"stdout","time":55.955184778,"data":"Requirement already satisfied: nvidia-cuda-cupti-cu12==12.8.90.* in /usr/local/lib/python3.13/dist-packages (from cuda-toolkit[cublas,cudart,cufft,cufile,cupti,curand,cusolver,cusparse,nvjitlink,nvrtc,nvtx]==12.8.1; platform_system == \"Linux\"-\u003etorch-\u003epytorch_kinematics==0.7.6) (12.8.90)\n"}
,{"stream_name":"stdout","time":55.956780451,"data":"Requirement already satisfied: nvidia-curand-cu12==10.3.9.90.* in /usr/local/lib/python3.13/dist-packages (from cuda-toolkit[cublas,cudart,cufft,cufile,cupti,curand,cusolver,cusparse,nvjitlink,nvrtc,nvtx]==12.8.1; platform_system == \"Linux\"-\u003etorch-\u003epytorch_kinematics==0.7.6) (10.3.9.90)\n"}
,{"stream_name":"stdout","time":55.958413803,"data":"Requirement already satisfied: nvidia-cusolver-cu12==11.7.3.90.* in /usr/local/lib/python3.13/dist-packages (from cuda-toolkit[cublas,cudart,cufft,cufile,cupti,curand,cusolver,cusparse,nvjitlink,nvrtc,nvtx]==12.8.1; platform_system == \"Linux\"-\u003etorch-\u003epytorch_kinematics==0.7.6) (11.7.3.90)\n"}
,{"stream_name":"stdout","time":55.960045204,"data":"Requirement already satisfied: nvidia-cusparse-cu12==12.5.8.93.* in /usr/local/lib/python3.13/dist-packages (from cuda-toolkit[cublas,cudart,cufft,cufile,cupti,curand,cusolver,cusparse,nvjitlink,nvrtc,nvtx]==12.8.1; platform_system == \"Linux\"-\u003etorch-\u003epytorch_kinematics==0.7.6) (12.5.8.93)\n"}
,{"stream_name":"stdout","time":55.961610231,"data":"Requirement already satisfied: nvidia-nvjitlink-cu12==12.8.93.* in /usr/local/lib/python3.13/dist-packages (from cuda-toolkit[cublas,cudart,cufft,cufile,cupti,curand,cusolver,cusparse,nvjitlink,nvrtc,nvtx]==12.8.1; platform_system == \"Linux\"-\u003etorch-\u003epytorch_kinematics==0.7.6) (12.8.93)\n"}
,{"stream_name":"stdout","time":55.963161959,"data":"Requirement already satisfied: nvidia-cuda-nvrtc-cu12==12.8.93.* in /usr/local/lib/python3.13/dist-packages (from cuda-toolkit[cublas,cudart,cufft,cufile,cupti,curand,cusolver,cusparse,nvjitlink,nvrtc,nvtx]==12.8.1; platform_system == \"Linux\"-\u003etorch-\u003epytorch_kinematics==0.7.6) (12.8.93)\n"}
,{"stream_name":"stdout","time":55.964746897,"data":"Requirement already satisfied: nvidia-nvtx-cu12==12.8.90.* in /usr/local/lib/python3.13/dist-packages (from cuda-toolkit[cublas,cudart,cufft,cufile,cupti,curand,cusolver,cusparse,nvjitlink,nvrtc,nvtx]==12.8.1; platform_system == \"Linux\"-\u003etorch-\u003epytorch_kinematics==0.7.6) (12.8.90)\n"}
,{"stream_name":"stdout","time":56.0550374,"data":"Collecting cmeel-zlib (from cmeel-assimp\u003c7,\u003e=6.0.2-\u003ecoal\u003c4,\u003e=3.0.3-\u003epin)\n"}
,{"stream_name":"stdout","time":56.071073055,"data":"  Downloading cmeel_zlib-1.3.2-0-py3-none-manylinux_2_28_x86_64.whl.metadata (707 bytes)\n"}
,{"stream_name":"stdout","time":56.111396592,"data":"Requirement already satisfied: cuda-pathfinder~=1.1 in /usr/local/lib/python3.13/dist-packages (from cuda-bindings\u003c13,\u003e=12.9.4-\u003etorch-\u003epytorch_kinematics==0.7.6) (1.8.0)\n"}
,{"stream_name":"stdout","time":56.145723427,"data":"Requirement already satisfied: six\u003e=1.5 in /usr/local/lib/python3.13/dist-packages (from python-dateutil\u003e=2.7-\u003ematplotlib-\u003epytorch_kinematics==0.7.6) (1.17.0)\n"}
,{"stream_name":"stdout","time":56.152572644,"data":"Requirement already satisfied: mpmath\u003c1.4,\u003e=1.1.0 in /usr/local/lib/python3.13/dist-packages (from sympy\u003e=1.13.3-\u003etorch-\u003epytorch_kinematics==0.7.6) (1.3.0)\n"}
,{"stream_name":"stdout","time":56.172443182,"data":"Requirement already satisfied: MarkupSafe\u003e=2.0 in /usr/local/lib/python3.13/dist-packages (from jinja2-\u003etorch-\u003epytorch_kinematics==0.7.6) (3.0.3)\n"}
,{"stream_name":"stdout","time":56.207687368,"data":"Downloading pytorch_kinematics-0.7.6-py3-none-any.whl (60 kB)\n"}
,{"stream_name":"stdout","time":56.240445147,"data":"   ©¥©¥©¥©¥©¥©¥©¥©¥©¥©¥©¥©¥©¥©¥©¥©¥©¥©¥©¥©¥©¥©¥©¥©¥©¥©¥©¥©¥©¥©¥©¥©¥©¥©¥©¥©¥©¥©¥©¥©¥ 60.3/60.3 kB 1.7 MB/s eta 0:00:00\n"}
,{"stream_name":"stdout","time":56.254344557,"data":"Downloading gitpython-3.2.0-py3-none-any.whl (228 kB)\n"}
,{"stream_name":"stdout","time":56.307042898,"data":"   ©¥©¥©¥©¥©¥©¥©¥©¥©¥©¥©¥©¥©¥©¥©¥©¥©¥©¥©¥©¥©¥©¥©¥©¥©¥©¥©¥©¥©¥©¥©¥©¥©¥©¥©¥©¥©¥©¥©¥©¥ 228.5/228.5 kB 4.4 MB/s eta 0:00:00\n"}
,{"stream_name":"stdout","time":56.325705265,"data":"Downloading transforms3d-0.4.2-py3-none-any.whl (1.4 MB)\n"}
,{"stream_name":"stdout","time":56.386262492,"data":"   ©¥©¥©¥©¥©¥©¥©¥©¥©¥©¥©¥©¥©¥©¥©¥©¥©¥©¥©¥©¥©¥©¥©¥©¥©¥©¥©¥©¥©¥©¥©¥©¥©¥©¥©¥©¥©¥©¥©¥©¥ 1.4/1.4 MB 23.7 MB/s eta 0:00:00\n"}
,{"stream_name":"stdout","time":56.401049882,"data":"Downloading trimesh-5.1.1-py3-none-any.whl (750 kB)\n"}
,{"stream_name":"stdout","time":56.435409744,"data":"   ©¥©¥©¥©¥©¥©¥©¥©¥©¥©¥©¥©¥©¥©¥©¥©¥©¥©¥©¥©¥©¥©¥©¥©¥©¥©¥©¥©¥©¥©¥©¥©¥©¥©¥©¥©¥©¥©¥©¥©¥ 750.4/750.4 kB 23.7 MB/s eta 0:00:00\n"}
,{"stream_name":"stdout","time":56.449829858,"data":"Downloading tyro-1.0.16-py3-none-any.whl (216 kB)\n"}
,{"stream_name":"stdout","time":56.487115905,"data":"   ©¥©¥©¥©¥©¥©¥©¥©¥©¥©¥©¥©¥©¥©¥©¥©¥©¥©¥©¥©¥©¥©¥©¥©¥©¥©¥©¥©¥©¥©¥©¥©¥©¥©¥©¥©¥©¥©¥©¥©¥ 216.9/216.9 kB 6.1 MB/s eta 0:00:00\n"}
,{"stream_name":"stdout","time":56.502670819,"data":"Downloading sapien-3.0.3-cp313-cp313-manylinux_2_28_x86_64.whl (51.3 MB)\n"}
,{"stream_name":"stdout","time":57.056613183,"data":"   ©¥©¥©¥©¥©¥©¥©¥©¥©¥©¥©¥©¥©¥©¥©¥©¥©¥©¥©¥©¥©¥©¥©¥©¥©¥©¥©¥©¥©¥©¥©¥©¥©¥©¥©¥©¥©¥©¥©¥©¥ 51.3/51.3 MB 34.6 MB/s eta 0:00:00\n"}
,{"stream_name":"stdout","time":57.072367424,"data":"Downloading pin-4.1.0-0-cp313-cp313-manylinux_2_28_x86_64.whl (9.9 MB)\n"}
,{"stream_name":"stdout","time":57.191830607,"data":"   ©¥©¥©¥©¥©¥©¥©¥©¥©¥©¥©¥©¥©¥©¥©¥©¥©¥©¥©¥©¥©¥©¥©¥©¥©¥©¥©¥©¥©¥©¥©¥©¥©¥©¥©¥©¥©¥©¥©¥©¥ 9.9/9.9 MB 85.4 MB/s eta 0:00:00\n"}
,{"stream_name":"stdout","time":57.210350474,"data":"Downloading libpinocchio-4.1.0-0-py3-none-manylinux_2_28_x86_64.whl (3.8 MB)\n"}
,{"stream_name":"stdout","time":57.273792756,"data":"   ©¥©¥©¥©¥©¥©¥©¥©¥©¥©¥©¥©¥©¥©¥©¥©¥©¥©¥©¥©¥©¥©¥©¥©¥©¥©¥©¥©¥©¥©¥©¥©¥©¥©¥©¥©¥©¥©¥©¥©¥ 3.8/3.8 MB 63.4 MB/s eta 0:00:00\n"}
,{"stream_name":"stdout","time":57.291852071,"data":"Downloading cmeel_boost-1.90.0-0-cp313-cp313-manylinux_2_28_x86_64.whl (36.2 MB)\n"}
,{"stream_name":"stdout","time":57.593906007,"data":"   ©¥©¥©¥©¥©¥©¥©¥©¥©¥©¥©¥©¥©¥©¥©¥©¥©¥©¥©¥©¥©¥©¥©¥©¥©¥©¥©¥©¥©¥©¥©¥©¥©¥©¥©¥©¥©¥©¥©¥©¥ 36.2/36.2 MB 58.7 MB/s eta 0:00:00\n"}
,{"stream_name":"stdout","time":57.612052269,"data":"Downloading cmeel_urdfdom-6.0.0-0-py3-none-manylinux_2_28_x86_64.whl (530 kB)\n"}
,{"stream_name":"stdout","time":57.635920533,"data":"   ©¥©¥©¥©¥©¥©¥©¥©¥©¥©¥©¥©¥©¥©¥©¥©¥©¥©¥©¥©¥©¥©¥©¥©¥©¥©¥©¥©¥©¥©¥©¥©¥©¥©¥©¥©¥©¥©¥©¥©¥ 530.0/530.0 kB 24.4 MB/s eta 0:00:00\n"}
,{"stream_name":"stdout","time":57.651592565,"data":"Downloading coal-3.0.3-0-cp313-cp313-manylinux_2_28_x86_64.whl (2.2 MB)\n"}
,{"stream_name":"stdout","time":57.702492227,"data":"   ©¥©¥©¥©¥©¥©¥©¥©¥©¥©¥©¥©¥©¥©¥©¥©¥©¥©¥©¥©¥©¥©¥©¥©¥©¥©¥©¥©¥©¥©¥©¥©¥©¥©¥©¥©¥©¥©¥©¥©¥ 2.2/2.2 MB 45.4 MB/s eta 0:00:00\n"}
,{"stream_name":"stdout","time":57.720020885,"data":"Downloading libcoal-3.0.3-0-py3-none-manylinux_2_28_x86_64.whl (2.3 MB)\n"}
,{"stream_name":"stdout","time":57.757147851,"data":"   ©¥©¥©¥©¥©¥©¥©¥©¥©¥©¥©¥©¥©¥©¥©¥©¥©¥©¥©¥©¥©¥©¥©¥©¥©¥©¥©¥©¥©¥©¥©¥©¥©¥©¥©¥©¥©¥©¥©¥©¥ 2.3/2.3 MB 66.0 MB/s eta 0:00:00\n"}
,{"stream_name":"stdout","time":57.771352822,"data":"Downloading gitdb-4.0.12-py3-none-any.whl (62 kB)\n"}
,{"stream_name":"stdout","time":57.793688046,"data":"   ©¥©¥©¥©¥©¥©¥©¥©¥©¥©¥©¥©¥©¥©¥©¥©¥©¥©¥©¥©¥©¥©¥©¥©¥©¥©¥©¥©¥©¥©¥©¥©¥©¥©¥©¥©¥©¥©¥©¥©¥ 62.8/62.8 kB 2.8 MB/s eta 0:00:00\n"}
,{"stream_name":"stdout","time":57.810239537,"data":"Downloading arm_pytorch_utilities-0.5.0-py3-none-any.whl (41 kB)\n"}
,{"stream_name":"stdout","time":57.832514206,"data":"   ©¥©¥©¥©¥©¥©¥©¥©¥©¥©¥©¥©¥©¥©¥©¥©¥©¥©¥©¥©¥©¥©¥©¥©¥©¥©¥©¥©¥©¥©¥©¥©¥©¥©¥©¥©¥©¥©¥©¥©¥ 41.1/41.1 kB 1.6 MB/s eta 0:00:00\n"}
,{"stream_name":"stdout","time":57.848139127,"data":"Downloading cmeel-0.61.0-py3-none-any.whl (20 kB)\n"}
,{"stream_name":"stdout","time":57.881361384,"data":"Downloading pytorch_seed-0.2.0-py3-none-any.whl (4.2 kB)\n"}
,{"stream_name":"stdout","time":57.918359536,"data":"Downloading cmeel_assimp-6.0.5-0-py3-none-manylinux_2_28_x86_64.whl (14.8 MB)\n"}
,{"stream_name":"stdout","time":58.068896299,"data":"   ©¥©¥©¥©¥©¥©¥©¥©¥©¥©¥©¥©¥©¥©¥©¥©¥©¥©¥©¥©¥©¥©¥©¥©¥©¥©¥©¥©¥©¥©¥©¥©¥©¥©¥©¥©¥©¥©¥©¥©¥ 14.8/14.8 MB 84.1 MB/s eta 0:00:00\n"}
,{"stream_name":"stdout","time":58.086710975,"data":"Downloading cmeel_octomap-1.10.0-5-py3-none-manylinux_2_28_x86_64.whl (1.1 MB)\n"}
,{"stream_name":"stdout","time":58.144775446,"data":"   ©¥©¥©¥©¥©¥©¥©¥©¥©¥©¥©¥©¥©¥©¥©¥©¥©¥©¥©¥©¥©¥©¥©¥©¥©¥©¥©¥©¥©¥©¥©¥©¥©¥©¥©¥©¥©¥©¥©¥©¥ 1.1/1.1 MB 19.9 MB/s eta 0:00:00\n"}
,{"stream_name":"stdout","time":58.164886377,"data":"Downloading cmeel_qhull-8.0.2.1-1-py3-none-manylinux_2_28_x86_64.whl (3.3 MB)\n"}
,{"stream_name":"stdout","time":58.230936291,"data":"   ©¥©¥©¥©¥©¥©¥©¥©¥©¥©¥©¥©¥©¥©¥©¥©¥©¥©¥©¥©¥©¥©¥©¥©¥©¥©¥©¥©¥©¥©¥©¥©¥©¥©¥©¥©¥©¥©¥©¥©¥ 3.3/3.3 MB 51.5 MB/s eta 0:00:00\n"}
,{"stream_name":"stdout","time":58.246407451,"data":"Downloading eigenpy-3.13.0-0-cp313-cp313-manylinux_2_28_x86_64.whl (6.1 MB)\n"}
,{"stream_name":"stdout","time":58.335191249,"data":"   ©¥©¥©¥©¥©¥©¥©¥©¥©¥©¥©¥©¥©¥©¥©¥©¥©¥©¥©¥©¥©¥©¥©¥©¥©¥©¥©¥©¥©¥©¥©¥©¥©¥©¥©¥©¥©¥©¥©¥©¥ 6.1/6.1 MB 71.6 MB/s eta 0:00:00\n"}
,{"stream_name":"stdout","time":58.352338708,"data":"Downloading smmap-5.0.3-py3-none-any.whl (24 kB)\n"}
,{"stream_name":"stdout","time":58.39690605,"data":"Downloading cmeel_console_bridge-1.0.2.3-0-py3-none-manylinux_2_28_x86_64.whl (24 kB)\n"}
,{"stream_name":"stdout","time":58.434238462,"data":"Downloading cmeel_tinyxml2-11.0.0-0-py3-none-manylinux_2_28_x86_64.whl (148 kB)\n"}
,{"stream_name":"stdout","time":58.456198809,"data":"   ©¥©¥©¥©¥©¥©¥©¥©¥©¥©¥©¥©¥©¥©¥©¥©¥©¥©¥©¥©¥©¥©¥©¥©¥©¥©¥©¥©¥©¥©¥©¥©¥©¥©¥©¥©¥©¥©¥©¥©¥ 148.8/148.8 kB 7.4 MB/s eta 0:00:00\n"}
,{"stream_name":"stdout","time":58.473819742,"data":"Downloading cmeel_zlib-1.3.2-0-py3-none-manylinux_2_28_x86_64.whl (1.1 MB)\n"}
,{"stream_name":"stdout","time":58.523216234,"data":"   ©¥©¥©¥©¥©¥©¥©¥©¥©¥©¥©¥©¥©¥©¥©¥©¥©¥©¥©¥©¥©¥©¥©¥©¥©¥©¥©¥©¥©¥©¥©¥©¥©¥©¥©¥©¥©¥©¥©¥©¥ 1.1/1.1 MB 22.3 MB/s eta 0:00:00\n"}
,{"stream_name":"stdout","time":61.744371112,"data":"Installing collected packages: trimesh, transforms3d, smmap, cmeel, tyro, sapien, gitdb, cmeel-zlib, cmeel-tinyxml2, cmeel-qhull, cmeel-octomap, cmeel-console-bridge, cmeel-boost, GitPython, eigenpy, cmeel-urdfdom, cmeel-assimp, libcoal, pytorch-seed, libpinocchio, coal, pin, arm-pytorch-utilities, pytorch_kinematics\n"}
,{"stream_name":"stderr","time":73.054678452,"data":"ERROR: pip's dependency resolver does not currently take into account all the packages that are installed. This behaviour is the source of the following dependency conflicts.\n"}
,{"stream_name":"stderr","time":73.054711825,"data":"mani-skill 3.0.1 requires mplib==0.1.1; platform_system == \"Linux\", which is not installed.\n"}
,{"stream_name":"stdout","time":73.055079139,"data":"Successfully installed GitPython-3.2.0 arm-pytorch-utilities-0.5.0 cmeel-0.61.0 cmeel-assimp-6.0.5 cmeel-boost-1.90.0 cmeel-console-bridge-1.0.2.3 cmeel-octomap-1.10.0 cmeel-qhull-8.0.2.1 cmeel-tinyxml2-11.0.0 cmeel-urdfdom-6.0.0 cmeel-zlib-1.3.2 coal-3.0.3 eigenpy-3.13.0 gitdb-4.0.12 libcoal-3.0.3 libpinocchio-4.1.0 pin-4.1.0 pytorch-seed-0.2.0 pytorch_kinematics-0.7.6 sapien-3.0.3 smmap-5.0.3 transforms3d-0.4.2 trimesh-5.1.1 tyro-1.0.16\n"}
,{"stream_name":"stdout","time":90.139910714,"data":"$ /usr/bin/python3 -m pytest -q -s tests/test_action_conversion.py tests/test_pr1495_native_assay.py\n"}
,{"stream_name":"stdout","time":111.807372792,"data":".............{\n"}
,{"stream_name":"stdout","time":111.807412671,"data":"  \"assay\": \"native-pickcube-pr1495-exact-head\",\n"}
,{"stream_name":"stdout","time":111.807420436,"data":"  \"status\": \"passed\",\n"}
,{"stream_name":"stdout","time":111.807426012,"data":"  \"platform\": \"Linux-6.18.48+-x86_64-with-glibc2.39\",\n"}
,{"stream_name":"stdout","time":111.807431386,"data":"  \"python\": \"3.13.15\",\n"}
,{"stream_name":"stdout","time":111.807436382,"data":"  \"torch\": \"2.11.0+cu128\",\n"}
,{"stream_name":"stdout","time":111.807443401,"data":"  \"sapien\": \"3.0.3\",\n"}
,{"stream_name":"stdout","time":111.80745279,"data":"  \"cuda_available\": true,\n"}
,{"stream_name":"stdout","time":111.807456252,"data":"  \"render_backend\": \"gpu\",\n"}
,{"stream_name":"stdout","time":111.807459527,"data":"  \"seed\": 2026,\n"}
,{"stream_name":"stdout","time":111.807463475,"data":"  \"results\": {\n"}
,{"stream_name":"stdout","time":111.807466865,"data":"    \"unsaturated_xyz\": {\n"}
,{"stream_name":"stdout","time":111.807470259,"data":"      \"1\": {\n"}
,{"stream_name":"stdout","time":111.807473621,"data":"        \"legacy\": {\n"}
,{"stream_name":"stdout","time":111.807477016,"data":"          \"first_command_error_rad\": 0.001055596889805632,\n"}
,{"stream_name":"stdout","time":111.807480375,"data":"          \"final_orientation_error_rad\": 0.03565424842933524\n"}
,{"stream_name":"stdout","time":111.807507335,"data":"        },\n"}
,{"stream_name":"stdout","time":111.807513083,"data":"        \"pr1495\": {\n"}
,{"stream_name":"stdout","time":111.807518146,"data":"          \"first_command_error_rad\": 5.355420107377995e-09,\n"}
,{"stream_name":"stdout","time":111.807524585,"data":"          \"final_orientation_error_rad\": 0.03551165587766851\n"}
,{"stream_name":"stdout","time":111.807540847,"data":"        }\n"}
,{"stream_name":"stdout","time":111.807545041,"data":"      },\n"}
,{"stream_name":"stdout","time":111.807551983,"data":"      \"16\": {\n"}
,{"stream_name":"stdout","time":111.807555832,"data":"        \"legacy\": {\n"}
,{"stream_name":"stdout","time":111.807559778,"data":"          \"first_command_error_rad\": 0.001055596889805632,\n"}
,{"stream_name":"stdout","time":111.807563855,"data":"          \"final_orientation_error_rad\": 0.0009908625278174721\n"}
,{"stream_name":"stdout","time":111.807567845,"data":"        },\n"}
,{"stream_name":"stdout","time":111.807571643,"data":"        \"pr1495\": {\n"}
,{"stream_name":"stdout","time":111.807575453,"data":"          \"first_command_error_rad\": 5.355420107377995e-09,\n"}
,{"stream_name":"stdout","time":111.807579544,"data":"          \"final_orientation_error_rad\": 0.00013078049214077528\n"}
,{"stream_name":"stdout","time":111.807589306,"data":"        }\n"}
,{"stream_name":"stdout","time":111.807592615,"data":"      }\n"}
,{"stream_name":"stdout","time":111.807595166,"data":"    },\n"}
,{"stream_name":"stdout","time":111.807597679,"data":"    \"composed_saturated_xyz\": {\n"}
,{"stream_name":"stdout","time":111.807600232,"data":"      \"16\": {\n"}
,{"stream_name":"stdout","time":111.80760368,"data":"        \"legacy\": {\n"}
,{"stream_name":"stdout","time":111.80761982,"data":"          \"first_command_error_rad\": 0.7560722345095477,\n"}
,{"stream_name":"stdout","time":111.80762481,"data":"          \"final_orientation_error_rad\": 0.21240358518954877\n"}
,{"stream_name":"stdout","time":111.80762973,"data":"        },\n"}
,{"stream_name":"stdout","time":111.807634434,"data":"        \"pr1495\": {\n"}
,{"stream_name":"stdout","time":111.807638958,"data":"          \"first_command_error_rad\": 0.7596491279433135,\n"}
,{"stream_name":"stdout","time":111.807643049,"data":"          \"final_orientation_error_rad\": 0.22804119297245506\n"}
,{"stream_name":"stdout","time":111.807647017,"data":"        }\n"}
,{"stream_name":"stdout","time":111.807650731,"data":"      },\n"}
,{"stream_name":"stdout","time":111.807654412,"data":"      \"64\": {\n"}
,{"stream_name":"stdout","time":111.807658219,"data":"        \"legacy\": {\n"}
,{"stream_name":"stdout","time":111.807662015,"data":"          \"first_command_error_rad\": 0.7560722345095477,\n"}
,{"stream_name":"stdout","time":111.807665972,"data":"          \"final_orientation_error_rad\": 0.0005333654572473178\n"}
,{"stream_name":"stdout","time":111.807669952,"data":"        },\n"}
,{"stream_name":"stdout","time":111.807673643,"data":"        \"pr1495\": {\n"}
,{"stream_name":"stdout","time":111.807677417,"data":"          \"first_command_error_rad\": 0.7596491279433135,\n"}
,{"stream_name":"stdout","time":111.807681358,"data":"          \"final_orientation_error_rad\": 9.81772899770417e-05\n"}
,{"stream_name":"stdout","time":111.807685423,"data":"        }\n"}
,{"stream_name":"stdout","time":111.807689131,"data":"      }\n"}
,{"stream_name":"stdout","time":111.807695244,"data":"    }\n"}
,{"stream_name":"stdout","time":111.807703283,"data":"  }\n"}
,{"stream_name":"stdout","time":111.807718716,"data":"}\n"}
,{"stream_name":"stdout","time":112.759666706,"data":".\n"}
,{"stream_name":"stdout","time":112.759697764,"data":"=============================== warnings summary ===============================\n"}
,{"stream_name":"stdout","time":112.759703193,"data":"../../../usr/local/lib/python3.13/dist-packages/sapien/_vulkan_tricks.py:78\n"}
,{"stream_name":"stdout","time":112.759707508,"data":"  /usr/local/lib/python3.13/dist-packages/sapien/_vulkan_tricks.py:78: UserWarning: Failed to find Vulkan ICD file. This is probably due to an incorrect or partial installation of the NVIDIA driver. SAPIEN will attempt to provide an ICD file anyway but it may not work.\n"}
,{"stream_name":"stdout","time":112.75972696,"data":"    warn(\n"}
,{"stream_name":"stdout","time":112.75973086,"data":"\n"}
,{"stream_name":"stdout","time":112.759734693,"data":"../../../usr/local/lib/python3.13/dist-packages/sapien/_vulkan_tricks.py:100\n"}
,{"stream_name":"stdout","time":112.759738832,"data":"  /usr/local/lib/python3.13/dist-packages/sapien/_vulkan_tricks.py:100: UserWarning: Failed to find glvnd ICD file. This is probably due to an incorrect or partial installation of the NVIDIA driver. SAPIEN will attempt to provide an ICD file anyway but it may not work.\n"}
,{"stream_name":"stdout","time":112.759743443,"data":"    warn(\n"}
,{"stream_name":"stdout","time":112.75975373,"data":"\n"}
,{"stream_name":"stdout","time":112.759756502,"data":"../../../usr/local/lib/python3.13/dist-packages/matplotlib/_fontconfig_pattern.py:64\n"}
,{"stream_name":"stdout","time":112.759759102,"data":"  /usr/local/lib/python3.13/dist-packages/matplotlib/_fontconfig_pattern.py:64: PyparsingDeprecationWarning: 'oneOf' deprecated - use 'one_of'\n"}
,{"stream_name":"stdout","time":112.759761768,"data":"    prop = Group((name + Suppress(\"=\") + comma_separated(value)) | oneOf(_CONSTANTS))\n"}
,{"stream_name":"stdout","time":112.759764583,"data":"\n"}
,{"stream_name":"stdout","time":112.759766917,"data":"../../../usr/local/lib/python3.13/dist-packages/matplotlib/_fontconfig_pattern.py:85\n"}
,{"stream_name":"stdout","time":112.75976955,"data":"../../../usr/local/lib/python3.13/dist-packages/matplotlib/_fontconfig_pattern.py:85\n"}
,{"stream_name":"stdout","time":112.759772157,"data":"../../../usr/local/lib/python3.13/dist-packages/matplotlib/_fontconfig_pattern.py:85\n"}
,{"stream_name":"stdout","time":112.759774674,"data":"../../../usr/local/lib/python3.13/dist-packages/matplotlib/_fontconfig_pattern.py:85\n"}
,{"stream_name":"stdout","time":112.759777272,"data":"../../../usr/local/lib/python3.13/dist-packages/matplotlib/_fontconfig_pattern.py:85\n"}
,{"stream_name":"stdout","time":112.759779785,"data":"../../../usr/local/lib/python3.13/dist-packages/matplotlib/_fontconfig_pattern.py:85\n"}
,{"stream_name":"stdout","time":112.759782343,"data":"  /usr/local/lib/python3.13/dist-packages/matplotlib/_fontconfig_pattern.py:85: PyparsingDeprecationWarning: 'parseString' deprecated - use 'parse_string'\n"}
,{"stream_name":"stdout","time":112.759785115,"data":"    parse = parser.parseString(pattern)\n"}
,{"stream_name":"stdout","time":112.759787972,"data":"\n"}
,{"stream_name":"stdout","time":112.759790468,"data":"../../../usr/local/lib/python3.13/dist-packages/matplotlib/_fontconfig_pattern.py:89\n"}
,{"stream_name":"stdout","time":112.75979305,"data":"../../../usr/local/lib/python3.13/dist-packages/matplotlib/_fontconfig_pattern.py:89\n"}
,{"stream_name":"stdout","time":112.759796963,"data":"../../../usr/local/lib/python3.13/dist-packages/matplotlib/_fontconfig_pattern.py:89\n"}
,{"stream_name":"stdout","time":112.759799574,"data":"../../../usr/local/lib/python3.13/dist-packages/matplotlib/_fontconfig_pattern.py:89\n"}
,{"stream_name":"stdout","time":112.759802158,"data":"../../../usr/local/lib/python3.13/dist-packages/matplotlib/_fontconfig_pattern.py:89\n"}
,{"stream_name":"stdout","time":112.759804678,"data":"../../../usr/local/lib/python3.13/dist-packages/matplotlib/_fontconfig_pattern.py:89\n"}
,{"stream_name":"stdout","time":112.759807199,"data":"  /usr/local/lib/python3.13/dist-packages/matplotlib/_fontconfig_pattern.py:89: PyparsingDeprecationWarning: 'resetCache' deprecated - use 'reset_cache'\n"}
,{"stream_name":"stdout","time":112.75981339,"data":"    parser.resetCache()\n"}
,{"stream_name":"stdout","time":112.759815925,"data":"\n"}
,{"stream_name":"stdout","time":112.759818288,"data":"../../../usr/local/lib/python3.13/dist-packages/matplotlib/_mathtext.py:45\n"}
,{"stream_name":"stdout","time":112.759820843,"data":"  /usr/local/lib/python3.13/dist-packages/matplotlib/_mathtext.py:45: PyparsingDeprecationWarning: 'enablePackrat' deprecated - use 'enable_packrat'\n"}
,{"stream_name":"stdout","time":112.759823515,"data":"    ParserElement.enablePackrat()\n"}
,{"stream_name":"stdout","time":112.759825981,"data":"\n"}
,{"stream_name":"stdout","time":112.759828461,"data":"tests/test_pr1495_native_assay.py::test_pr1495_native_controller_rollout\n"}
,{"stream_name":"stdout","time":112.759832883,"data":"  /usr/lib/python3.13/contextlib.py:141: UserWarning: CUDA reports that you have 2 available devices, and you have used fork_rng without explicitly specifying which devices are being used. For safety, we initialize *every* CUDA device by default, which can be quite slow if you have a lot of CUDAs. If you know that you are only making use of a few CUDA devices, set the environment variable CUDA_VISIBLE_DEVICES or the 'devices' keyword argument of fork_rng with the set of devices you are actually using. For example, if you are using CPU only, set device.upper()_VISIBLE_DEVICES= or devices=[]; if you are using device 0 only, set CUDA_VISIBLE_DEVICES=0 or devices=[0].  To initialize all devices and suppress this warning, set the 'devices' keyword argument to `range(torch.cuda.device_count())`.\n"}
,{"stream_name":"stdout","time":112.759880048,"data":"    return next(self.gen)\n"}
,{"stream_name":"stdout","time":112.759884702,"data":"\n"}
,{"stream_name":"stdout","time":112.759888299,"data":"tests/test_pr1495_native_assay.py: 194 warnings\n"}
,{"stream_name":"stdout","time":112.75989209,"data":"  /kaggle/working/ManiSkill/mani_skill/agents/base_agent.py:328: DeprecationWarning: __array_wrap__ must accept context and return_scalar arguments (positionally) in the future. (Deprecated NumPy 2.0)\n"}
,{"stream_name":"stdout","time":112.759896401,"data":"    if np.isnan(action).any():\n"}
,{"stream_name":"stdout","time":112.759900045,"data":"\n"}
,{"stream_name":"stdout","time":112.75990361,"data":"tests/test_pr1495_native_assay.py: 194 warnings\n"}
,{"stream_name":"stdout","time":112.759907865,"data":"  /usr/local/lib/python3.13/dist-packages/sapien/wrapper/pinocchio_model.py:249: DeprecationWarning: __array__ implementation doesn't accept a copy keyword, so passing copy=False failed. __array__ must implement 'dtype' and 'copy' keyword arguments.\n"}
,{"stream_name":"stdout","time":112.759912365,"data":"    mask = np.array(active_qmask)[self.index_p2s]\n"}
,{"stream_name":"stdout","time":112.759916119,"data":"\n"}
,{"stream_name":"stdout","time":112.75991973000001,"data":"tests/test_pr1495_native_assay.py: 194 warnings\n"}
,{"stream_name":"stdout","time":112.759923658,"data":"  /usr/local/lib/python3.13/dist-packages/sapien/wrapper/pinocchio_model.py:254: DeprecationWarning: Deprecated member. Use Frame.parentJoint instead.\n"}
,{"stream_name":"stdout","time":112.759927755,"data":"    joint = self.model.frames[frame].parent\n"}
,{"stream_name":"stdout","time":112.759931477,"data":"\n"}
,{"stream_name":"stdout","time":112.759935171,"data":"-- Docs: https://docs.pytest.org/en/stable/how-to/capture-warnings.html\n"}
,{"stream_name":"stdout","time":112.759944714,"data":"14 passed, 599 warnings in 18.85s\n"}
,{"stream_name":"stderr","time":122.45322632,"data":"/usr/local/lib/python3.13/dist-packages/mistune.py:435: SyntaxWarning: invalid escape sequence '\\|'\n"}
,{"stream_name":"stderr","time":122.45326621,"data":"  cells[i][c] = re.sub('\\\\\\\\\\|', '|', cell)\n"}
,{"stream_name":"stderr","time":122.834544318,"data":"/usr/local/lib/python3.13/dist-packages/nbconvert/filters/filter_links.py:36: SyntaxWarning: invalid escape sequence '\\_'\n"}
,{"stream_name":"stderr","time":122.834572928,"data":"  text = re.sub(r'_', '\\_', text) # Escape underscores in display text\n"}
,{"stream_name":"stderr","time":123.741952789,"data":"[NbConvertApp] Converting notebook __script__.ipynb to html\n"}
,{"stream_name":"stderr","time":124.337661778,"data":"[NbConvertApp] Writing 301086 bytes to __results__.html\n"}
]