[33;1m2026-10-09 09:19:13,733 - mani_skill  - WARNING - Requested to use render device "sapien_cuda", but CUDA device was not found. Falling back to "cpu" device. Rendering might be disabled.[0m
/opt/hostedtoolcache/Python/3.11.17/x64/lib/python3.11/site-packages/gymnasium/spaces/box.py:297: UserWarning: [33mWARN: Box low's precision lowered by casting to float32, current low.dtype=float64[0m
  gym.logger.warn(
/opt/hostedtoolcache/Python/3.11.17/x64/lib/python3.11/site-packages/gymnasium/spaces/box.py:364: UserWarning: [33mWARN: Box high's precision lowered by casting to float32, current high.dtype=float64[0m
  gym.logger.warn(
[33;1m2026-10-09 09:19:14,379 - mani_skill  - WARNING - Requested to use render device "sapien_cuda", but CUDA device was not found. Falling back to "cpu" device. Rendering might be disabled.[0m
[33;1m2026-10-09 09:19:14,805 - mani_skill  - WARNING - Requested to use render device "sapien_cuda", but CUDA device was not found. Falling back to "cpu" device. Rendering might be disabled.[0m
[33;1m2026-10-09 09:19:15,304 - mani_skill  - WARNING - Requested to use render device "sapien_cuda", but CUDA device was not found. Falling back to "cpu" device. Rendering might be disabled.[0m
[33;1m2026-10-09 09:19:15,808 - mani_skill  - WARNING - Requested to use render device "sapien_cuda", but CUDA device was not found. Falling back to "cpu" device. Rendering might be disabled.[0m
[33;1m2026-10-09 09:19:16,289 - mani_skill  - WARNING - Requested to use render device "sapien_cuda", but CUDA device was not found. Falling back to "cpu" device. Rendering might be disabled.[0m
[33;1m2026-10-09 09:19:16,829 - mani_skill  - WARNING - Requested to use render device "sapien_cuda", but CUDA device was not found. Falling back to "cpu" device. Rendering might be disabled.[0m
[33;1m2026-10-09 09:19:17,264 - mani_skill  - WARNING - Requested to use render device "sapien_cuda", but CUDA device was not found. Falling back to "cpu" device. Rendering might be disabled.[0m
[33;1m2026-10-09 09:19:17,701 - mani_skill  - WARNING - Requested to use render device "sapien_cuda", but CUDA device was not found. Falling back to "cpu" device. Rendering might be disabled.[0m
[33;1m2026-10-09 09:19:18,166 - mani_skill  - WARNING - Requested to use render device "sapien_cuda", but CUDA device was not found. Falling back to "cpu" device. Rendering might be disabled.[0m
[33;1m2026-10-09 09:19:18,685 - mani_skill  - WARNING - Requested to use render device "sapien_cuda", but CUDA device was not found. Falling back to "cpu" device. Rendering might be disabled.[0m
[33;1m2026-10-09 09:19:19,129 - mani_skill  - WARNING - Requested to use render device "sapien_cuda", but CUDA device was not found. Falling back to "cpu" device. Rendering might be disabled.[0m
[33;1m2026-10-09 09:19:19,609 - mani_skill  - WARNING - Requested to use render device "sapien_cuda", but CUDA device was not found. Falling back to "cpu" device. Rendering might be disabled.[0m
[33;1m2026-10-09 09:19:20,100 - mani_skill  - WARNING - Requested to use render device "sapien_cuda", but CUDA device was not found. Falling back to "cpu" device. Rendering might be disabled.[0m
[33;1m2026-10-09 09:19:20,568 - mani_skill  - WARNING - Requested to use render device "sapien_cuda", but CUDA device was not found. Falling back to "cpu" device. Rendering might be disabled.[0m
[33;1m2026-10-09 09:19:21,060 - mani_skill  - WARNING - Requested to use render device "sapien_cuda", but CUDA device was not found. Falling back to "cpu" device. Rendering might be disabled.[0m
[33;1m2026-10-09 09:19:21,595 - mani_skill  - WARNING - Requested to use render device "sapien_cuda", but CUDA device was not found. Falling back to "cpu" device. Rendering might be disabled.[0m
[33;1m2026-10-09 09:19:22,130 - mani_skill  - WARNING - Requested to use render device "sapien_cuda", but CUDA device was not found. Falling back to "cpu" device. Rendering might be disabled.[0m
[33;1m2026-10-09 09:19:22,661 - mani_skill  - WARNING - Requested to use render device "sapien_cuda", but CUDA device was not found. Falling back to "cpu" device. Rendering might be disabled.[0m
[33;1m2026-10-09 09:19:23,190 - mani_skill  - WARNING - Requested to use render device "sapien_cuda", but CUDA device was not found. Falling back to "cpu" device. Rendering might be disabled.[0m
[33;1m2026-10-09 09:19:23,726 - mani_skill  - WARNING - Requested to use render device "sapien_cuda", but CUDA device was not found. Falling back to "cpu" device. Rendering might be disabled.[0m
[33;1m2026-10-09 09:19:24,253 - mani_skill  - WARNING - Requested to use render device "sapien_cuda", but CUDA device was not found. Falling back to "cpu" device. Rendering might be disabled.[0m
[33;1m2026-10-09 09:19:24,798 - mani_skill  - WARNING - Requested to use render device "sapien_cuda", but CUDA device was not found. Falling back to "cpu" device. Rendering might be disabled.[0m
[33;1m2026-10-09 09:19:25,326 - mani_skill  - WARNING - Requested to use render device "sapien_cuda", but CUDA device was not found. Falling back to "cpu" device. Rendering might be disabled.[0m
[33;1m2026-10-09 09:19:25,867 - mani_skill  - WARNING - Requested to use render device "sapien_cuda", but CUDA device was not found. Falling back to "cpu" device. Rendering might be disabled.[0m
[33;1m2026-10-09 09:19:26,445 - mani_skill  - WARNING - Requested to use render device "sapien_cuda", but CUDA device was not found. Falling back to "cpu" device. Rendering might be disabled.[0m
[33;1m2026-10-09 09:19:27,048 - mani_skill  - WARNING - Requested to use render device "sapien_cuda", but CUDA device was not found. Falling back to "cpu" device. Rendering might be disabled.[0m
[33;1m2026-10-09 09:19:27,580 - mani_skill  - WARNING - Requested to use render device "sapien_cuda", but CUDA device was not found. Falling back to "cpu" device. Rendering might be disabled.[0m
[33;1m2026-10-09 09:19:28,107 - mani_skill  - WARNING - Requested to use render device "sapien_cuda", but CUDA device was not found. Falling back to "cpu" device. Rendering might be disabled.[0m
[33;1m2026-10-09 09:19:28,689 - mani_skill  - WARNING - Requested to use render device "sapien_cuda", but CUDA device was not found. Falling back to "cpu" device. Rendering might be disabled.[0m
[33;1m2026-10-09 09:19:29,209 - mani_skill  - WARNING - Requested to use render device "sapien_cuda", but CUDA device was not found. Falling back to "cpu" device. Rendering might be disabled.[0m
[33;1m2026-10-09 09:19:29,736 - mani_skill  - WARNING - Requested to use render device "sapien_cuda", but CUDA device was not found. Falling back to "cpu" device. Rendering might be disabled.[0m
NATIVE_TWO_PROBE_CALIBRATION {"probe_empirical_class_models": {"nonzero_x": {"class_models": {"applied": {"envelope_radius_m": 0.002155285809734079, "max_calibration_residual_m": 0.00015528580973407925, "mean_public_motion_m": [0.03590256720781326, -0.014553384753526188, 0.026948247104883194]}, "held": {"envelope_radius_m": 0.0020115497352315623, "max_calibration_residual_m": 1.154973523156229e-05, "mean_public_motion_m": [0.005523182451725006, 0.0037848152860533446, 0.004374977201223373]}}, "n_samples": 16, "not_a_safety_certificate": true, "radius_margin_m": 0.002, "robot": "xarm6_robotiq", "schema": "online_ack_cross_robot_empirical_envelope_v1", "training_seeds": [430001, 430002, 430003, 430004, 430005, 430006, 430007, 430008], "training_sha256": "f682c15dc9f8fdf3524d61d937c84fdd1d13f0c409748f05ad50365ff4d36c71"}, "zero": {"class_models": {"applied": {"envelope_radius_m": 0.0021145617518965004, "max_calibration_residual_m": 0.0001145617518965005, "mean_public_motion_m": [0.029576562345027924, -0.014592893574445043, 0.02663092501461506]}, "held": {"envelope_radius_m": 0.0020041714252797215, "max_calibration_residual_m": 4.171425279721252e-06, "mean_public_motion_m": [-0.0003557130694389343, 0.003807037886872422, 0.004320971667766571]}}, "n_samples": 16, "not_a_safety_certificate": true, "radius_margin_m": 0.002, "robot": "xarm6_robotiq", "schema": "online_ack_cross_robot_empirical_envelope_v1", "training_seeds": [430001, 430002, 430003, 430004, 430005, 430006, 430007, 430008], "training_sha256": "4d6ccbb8a338ea974c70e853deb22c2b32572a83a8ac24c240902a62ba574b36"}}, "robot": "xarm6_robotiq"}
