[33;1m2026-10-09 21:25:45,126 - mani_skill  - WARNING - Requested to use render device "sapien_cuda", but CUDA device was not found. Falling back to "cpu" device. Rendering might be disabled.[0m
Robot xarm6_robotiq definition file not found at /home/runner/.maniskill/data/robots/xarm6/xarm6_robotiq.urdf
Downloading https://github.com/haosulab/ManiSkill-XArm6/archive/refs/tags/v0.1.1.zip
0.00iB [00:00, ?iB/s]8.00kiB [00:00, 20.3kiB/s]232kiB [00:00, 592kiB/s]  824kiB [00:00, 1.97MiB/s]2.34MiB [00:00, 3.47MiB/s]
  0%|          | 0/80 [00:00<?, ?it/s]100%|██████████| 80/80 [00:00<00:00, 3065.12it/s]
/opt/hostedtoolcache/Python/3.11.17/x64/lib/python3.11/site-packages/gymnasium/spaces/box.py:297: UserWarning: [33mWARN: Box low's precision lowered by casting to float32, current low.dtype=float64[0m
  gym.logger.warn(
/opt/hostedtoolcache/Python/3.11.17/x64/lib/python3.11/site-packages/gymnasium/spaces/box.py:364: UserWarning: [33mWARN: Box high's precision lowered by casting to float32, current high.dtype=float64[0m
  gym.logger.warn(
[33;1m2026-10-09 21:25:47,520 - mani_skill  - WARNING - Requested to use render device "sapien_cuda", but CUDA device was not found. Falling back to "cpu" device. Rendering might be disabled.[0m
[33;1m2026-10-09 21:25:47,855 - mani_skill  - WARNING - Requested to use render device "sapien_cuda", but CUDA device was not found. Falling back to "cpu" device. Rendering might be disabled.[0m
[33;1m2026-10-09 21:25:48,191 - mani_skill  - WARNING - Requested to use render device "sapien_cuda", but CUDA device was not found. Falling back to "cpu" device. Rendering might be disabled.[0m
[33;1m2026-10-09 21:25:48,541 - mani_skill  - WARNING - Requested to use render device "sapien_cuda", but CUDA device was not found. Falling back to "cpu" device. Rendering might be disabled.[0m
[33;1m2026-10-09 21:25:48,881 - mani_skill  - WARNING - Requested to use render device "sapien_cuda", but CUDA device was not found. Falling back to "cpu" device. Rendering might be disabled.[0m
[33;1m2026-10-09 21:25:49,223 - mani_skill  - WARNING - Requested to use render device "sapien_cuda", but CUDA device was not found. Falling back to "cpu" device. Rendering might be disabled.[0m
[33;1m2026-10-09 21:25:49,542 - mani_skill  - WARNING - Requested to use render device "sapien_cuda", but CUDA device was not found. Falling back to "cpu" device. Rendering might be disabled.[0m
[33;1m2026-10-09 21:25:49,877 - mani_skill  - WARNING - Requested to use render device "sapien_cuda", but CUDA device was not found. Falling back to "cpu" device. Rendering might be disabled.[0m
[33;1m2026-10-09 21:25:50,242 - mani_skill  - WARNING - Requested to use render device "sapien_cuda", but CUDA device was not found. Falling back to "cpu" device. Rendering might be disabled.[0m
[33;1m2026-10-09 21:25:50,623 - mani_skill  - WARNING - Requested to use render device "sapien_cuda", but CUDA device was not found. Falling back to "cpu" device. Rendering might be disabled.[0m
[33;1m2026-10-09 21:25:51,000 - mani_skill  - WARNING - Requested to use render device "sapien_cuda", but CUDA device was not found. Falling back to "cpu" device. Rendering might be disabled.[0m
[33;1m2026-10-09 21:25:51,362 - mani_skill  - WARNING - Requested to use render device "sapien_cuda", but CUDA device was not found. Falling back to "cpu" device. Rendering might be disabled.[0m
[33;1m2026-10-09 21:25:51,725 - mani_skill  - WARNING - Requested to use render device "sapien_cuda", but CUDA device was not found. Falling back to "cpu" device. Rendering might be disabled.[0m
[33;1m2026-10-09 21:25:52,062 - mani_skill  - WARNING - Requested to use render device "sapien_cuda", but CUDA device was not found. Falling back to "cpu" device. Rendering might be disabled.[0m
[33;1m2026-10-09 21:25:52,408 - mani_skill  - WARNING - Requested to use render device "sapien_cuda", but CUDA device was not found. Falling back to "cpu" device. Rendering might be disabled.[0m
[33;1m2026-10-09 21:25:52,754 - mani_skill  - WARNING - Requested to use render device "sapien_cuda", but CUDA device was not found. Falling back to "cpu" device. Rendering might be disabled.[0m
[33;1m2026-10-09 21:25:53,108 - mani_skill  - WARNING - Requested to use render device "sapien_cuda", but CUDA device was not found. Falling back to "cpu" device. Rendering might be disabled.[0m
[33;1m2026-10-09 21:25:53,446 - mani_skill  - WARNING - Requested to use render device "sapien_cuda", but CUDA device was not found. Falling back to "cpu" device. Rendering might be disabled.[0m
[33;1m2026-10-09 21:25:53,788 - mani_skill  - WARNING - Requested to use render device "sapien_cuda", but CUDA device was not found. Falling back to "cpu" device. Rendering might be disabled.[0m
[33;1m2026-10-09 21:25:54,136 - mani_skill  - WARNING - Requested to use render device "sapien_cuda", but CUDA device was not found. Falling back to "cpu" device. Rendering might be disabled.[0m
[33;1m2026-10-09 21:25:54,484 - mani_skill  - WARNING - Requested to use render device "sapien_cuda", but CUDA device was not found. Falling back to "cpu" device. Rendering might be disabled.[0m
[33;1m2026-10-09 21:25:54,840 - mani_skill  - WARNING - Requested to use render device "sapien_cuda", but CUDA device was not found. Falling back to "cpu" device. Rendering might be disabled.[0m
[33;1m2026-10-09 21:25:55,193 - mani_skill  - WARNING - Requested to use render device "sapien_cuda", but CUDA device was not found. Falling back to "cpu" device. Rendering might be disabled.[0m
[33;1m2026-10-09 21:25:55,531 - mani_skill  - WARNING - Requested to use render device "sapien_cuda", but CUDA device was not found. Falling back to "cpu" device. Rendering might be disabled.[0m
[33;1m2026-10-09 21:25:55,889 - mani_skill  - WARNING - Requested to use render device "sapien_cuda", but CUDA device was not found. Falling back to "cpu" device. Rendering might be disabled.[0m
[33;1m2026-10-09 21:25:56,233 - mani_skill  - WARNING - Requested to use render device "sapien_cuda", but CUDA device was not found. Falling back to "cpu" device. Rendering might be disabled.[0m
[33;1m2026-10-09 21:25:56,587 - mani_skill  - WARNING - Requested to use render device "sapien_cuda", but CUDA device was not found. Falling back to "cpu" device. Rendering might be disabled.[0m
[33;1m2026-10-09 21:25:56,937 - mani_skill  - WARNING - Requested to use render device "sapien_cuda", but CUDA device was not found. Falling back to "cpu" device. Rendering might be disabled.[0m
[33;1m2026-10-09 21:25:57,274 - mani_skill  - WARNING - Requested to use render device "sapien_cuda", but CUDA device was not found. Falling back to "cpu" device. Rendering might be disabled.[0m
[33;1m2026-10-09 21:25:57,617 - mani_skill  - WARNING - Requested to use render device "sapien_cuda", but CUDA device was not found. Falling back to "cpu" device. Rendering might be disabled.[0m
[33;1m2026-10-09 21:25:57,965 - mani_skill  - WARNING - Requested to use render device "sapien_cuda", but CUDA device was not found. Falling back to "cpu" device. Rendering might be disabled.[0m
FIRST128 ORIGINAL_NATIVE_PHYSX_SHARD xarm6_robotiq 0 32 24
