[33;1m2026-10-09 21:25:47,280 - mani_skill  - WARNING - Requested to use render device "sapien_cuda", but CUDA device was not found. Falling back to "cpu" device. Rendering might be disabled.[0m
Robot xarm6_robotiq definition file not found at /home/runner/.maniskill/data/robots/xarm6/xarm6_robotiq.urdf
Downloading https://github.com/haosulab/ManiSkill-XArm6/archive/refs/tags/v0.1.1.zip
0.00iB [00:00, ?iB/s]8.00kiB [00:00, 16.1kiB/s]96.0kiB [00:00, 211kiB/s] 224kiB [00:00, 473kiB/s] 504kiB [00:00, 982kiB/s]968kiB [00:00, 1.89MiB/s]1.80MiB [00:01, 3.73MiB/s]2.34MiB [00:01, 2.23MiB/s]
  0%|          | 0/80 [00:00<?, ?it/s]100%|██████████| 80/80 [00:00<00:00, 2952.57it/s]
/opt/hostedtoolcache/Python/3.11.17/x64/lib/python3.11/site-packages/gymnasium/spaces/box.py:297: UserWarning: [33mWARN: Box low's precision lowered by casting to float32, current low.dtype=float64[0m
  gym.logger.warn(
/opt/hostedtoolcache/Python/3.11.17/x64/lib/python3.11/site-packages/gymnasium/spaces/box.py:364: UserWarning: [33mWARN: Box high's precision lowered by casting to float32, current high.dtype=float64[0m
  gym.logger.warn(
[33;1m2026-10-09 21:25:49,665 - mani_skill  - WARNING - Requested to use render device "sapien_cuda", but CUDA device was not found. Falling back to "cpu" device. Rendering might be disabled.[0m
[33;1m2026-10-09 21:25:50,126 - mani_skill  - WARNING - Requested to use render device "sapien_cuda", but CUDA device was not found. Falling back to "cpu" device. Rendering might be disabled.[0m
[33;1m2026-10-09 21:25:50,594 - mani_skill  - WARNING - Requested to use render device "sapien_cuda", but CUDA device was not found. Falling back to "cpu" device. Rendering might be disabled.[0m
[33;1m2026-10-09 21:25:51,051 - mani_skill  - WARNING - Requested to use render device "sapien_cuda", but CUDA device was not found. Falling back to "cpu" device. Rendering might be disabled.[0m
[33;1m2026-10-09 21:25:51,503 - mani_skill  - WARNING - Requested to use render device "sapien_cuda", but CUDA device was not found. Falling back to "cpu" device. Rendering might be disabled.[0m
[33;1m2026-10-09 21:25:51,960 - mani_skill  - WARNING - Requested to use render device "sapien_cuda", but CUDA device was not found. Falling back to "cpu" device. Rendering might be disabled.[0m
[33;1m2026-10-09 21:25:52,412 - mani_skill  - WARNING - Requested to use render device "sapien_cuda", but CUDA device was not found. Falling back to "cpu" device. Rendering might be disabled.[0m
[33;1m2026-10-09 21:25:52,856 - mani_skill  - WARNING - Requested to use render device "sapien_cuda", but CUDA device was not found. Falling back to "cpu" device. Rendering might be disabled.[0m
[33;1m2026-10-09 21:25:53,303 - mani_skill  - WARNING - Requested to use render device "sapien_cuda", but CUDA device was not found. Falling back to "cpu" device. Rendering might be disabled.[0m
[33;1m2026-10-09 21:25:53,763 - mani_skill  - WARNING - Requested to use render device "sapien_cuda", but CUDA device was not found. Falling back to "cpu" device. Rendering might be disabled.[0m
[33;1m2026-10-09 21:25:54,240 - mani_skill  - WARNING - Requested to use render device "sapien_cuda", but CUDA device was not found. Falling back to "cpu" device. Rendering might be disabled.[0m
[33;1m2026-10-09 21:25:54,722 - mani_skill  - WARNING - Requested to use render device "sapien_cuda", but CUDA device was not found. Falling back to "cpu" device. Rendering might be disabled.[0m
[33;1m2026-10-09 21:25:55,199 - mani_skill  - WARNING - Requested to use render device "sapien_cuda", but CUDA device was not found. Falling back to "cpu" device. Rendering might be disabled.[0m
[33;1m2026-10-09 21:25:55,667 - mani_skill  - WARNING - Requested to use render device "sapien_cuda", but CUDA device was not found. Falling back to "cpu" device. Rendering might be disabled.[0m
[33;1m2026-10-09 21:25:56,144 - mani_skill  - WARNING - Requested to use render device "sapien_cuda", but CUDA device was not found. Falling back to "cpu" device. Rendering might be disabled.[0m
[33;1m2026-10-09 21:25:56,636 - mani_skill  - WARNING - Requested to use render device "sapien_cuda", but CUDA device was not found. Falling back to "cpu" device. Rendering might be disabled.[0m
[33;1m2026-10-09 21:25:57,127 - mani_skill  - WARNING - Requested to use render device "sapien_cuda", but CUDA device was not found. Falling back to "cpu" device. Rendering might be disabled.[0m
[33;1m2026-10-09 21:25:57,612 - mani_skill  - WARNING - Requested to use render device "sapien_cuda", but CUDA device was not found. Falling back to "cpu" device. Rendering might be disabled.[0m
[33;1m2026-10-09 21:25:58,073 - mani_skill  - WARNING - Requested to use render device "sapien_cuda", but CUDA device was not found. Falling back to "cpu" device. Rendering might be disabled.[0m
[33;1m2026-10-09 21:25:58,556 - mani_skill  - WARNING - Requested to use render device "sapien_cuda", but CUDA device was not found. Falling back to "cpu" device. Rendering might be disabled.[0m
[33;1m2026-10-09 21:25:59,026 - mani_skill  - WARNING - Requested to use render device "sapien_cuda", but CUDA device was not found. Falling back to "cpu" device. Rendering might be disabled.[0m
[33;1m2026-10-09 21:25:59,506 - mani_skill  - WARNING - Requested to use render device "sapien_cuda", but CUDA device was not found. Falling back to "cpu" device. Rendering might be disabled.[0m
[33;1m2026-10-09 21:25:59,988 - mani_skill  - WARNING - Requested to use render device "sapien_cuda", but CUDA device was not found. Falling back to "cpu" device. Rendering might be disabled.[0m
[33;1m2026-10-09 21:26:00,477 - mani_skill  - WARNING - Requested to use render device "sapien_cuda", but CUDA device was not found. Falling back to "cpu" device. Rendering might be disabled.[0m
[33;1m2026-10-09 21:26:00,958 - mani_skill  - WARNING - Requested to use render device "sapien_cuda", but CUDA device was not found. Falling back to "cpu" device. Rendering might be disabled.[0m
[33;1m2026-10-09 21:26:01,453 - mani_skill  - WARNING - Requested to use render device "sapien_cuda", but CUDA device was not found. Falling back to "cpu" device. Rendering might be disabled.[0m
[33;1m2026-10-09 21:26:01,947 - mani_skill  - WARNING - Requested to use render device "sapien_cuda", but CUDA device was not found. Falling back to "cpu" device. Rendering might be disabled.[0m
[33;1m2026-10-09 21:26:02,445 - mani_skill  - WARNING - Requested to use render device "sapien_cuda", but CUDA device was not found. Falling back to "cpu" device. Rendering might be disabled.[0m
[33;1m2026-10-09 21:26:02,913 - mani_skill  - WARNING - Requested to use render device "sapien_cuda", but CUDA device was not found. Falling back to "cpu" device. Rendering might be disabled.[0m
[33;1m2026-10-09 21:26:03,396 - mani_skill  - WARNING - Requested to use render device "sapien_cuda", but CUDA device was not found. Falling back to "cpu" device. Rendering might be disabled.[0m
[33;1m2026-10-09 21:26:03,883 - mani_skill  - WARNING - Requested to use render device "sapien_cuda", but CUDA device was not found. Falling back to "cpu" device. Rendering might be disabled.[0m
FIRST128 ORIGINAL_NATIVE_PHYSX_SHARD xarm6_robotiq 1 32 24
